 tbb

 Timestamp is 5bdab631 (Thu Nov  1 04:15:45 2018)

 Preferred load address is 0000000180000000

 Start         Length     Name                   Class
 0001:00000000 000000c0H .text$di                CODE
 0001:000000c0 00022a90H .text$mn                CODE
 0001:00022b50 00000020H .text$mn$00             CODE
 0001:00022b70 00000b10H .text$x                 CODE
 0001:00023680 0000000cH .text$yd                CODE
 0002:00000000 00000358H .idata$5                DATA
 0002:00000358 00000010H .00cfg                  DATA
 0002:00000368 00000008H .CRT$XCA                DATA
 0002:00000370 00000010H .CRT$XCU                DATA
 0002:00000380 00000008H .CRT$XCZ                DATA
 0002:00000388 00000008H .CRT$XIA                DATA
 0002:00000390 00000008H .CRT$XIZ                DATA
 0002:00000398 00000008H .CRT$XPA                DATA
 0002:000003a0 00000008H .CRT$XPZ                DATA
 0002:000003a8 00000008H .CRT$XTA                DATA
 0002:000003b0 00000010H .CRT$XTZ                DATA
 0002:000003b8 00000000H .gfids$y                DATA
 0002:000003c0 00003600H .rdata                  DATA
 0002:000039c0 00001b8cH .rdata$r                DATA
 0002:0000554c 00000324H .rdata$zzzdbg           DATA
 0002:00005870 00000008H .rtc$IAA                DATA
 0002:00005878 00000008H .rtc$IZZ                DATA
 0002:00005880 00000008H .rtc$TAA                DATA
 0002:00005888 00000008H .rtc$TZZ                DATA
 0002:00005890 00003080H .xdata                  DATA
 0002:00008910 00000590H .xdata$x                DATA
 0002:00008ea0 00003eccH .edata                  DATA
 0002:0000cd6c 000000a0H .idata$2                DATA
 0002:0000ce0c 00000014H .idata$3                DATA
 0002:0000ce20 00000358H .idata$4                DATA
 0002:0000d178 0000089aH .idata$6                DATA
 0003:00000000 00002200H .data                   DATA
 0003:00002200 00000b30H .data$r                 DATA
 0003:00002d30 00001c88H .bss                    DATA
 0004:00000000 00002850H .pdata                  DATA
 0005:00000000 000000a0H .rsrc$01                DATA
 0005:000000a0 00000560H .rsrc$02                DATA

  Address         Publics by Value              Rva+Base               Lib:Object

 0000:00000000       __guard_fids_count         0000000000000000     <absolute>
 0000:00000000       __guard_longjmp_table      0000000000000000     <absolute>
 0000:00000000       __guard_longjmp_count      0000000000000000     <absolute>
 0000:00000000       __hybrid_code_map_count    0000000000000000     <absolute>
 0000:00000000       __guard_iat_table          0000000000000000     <absolute>
 0000:00000000       __guard_iat_count          0000000000000000     <absolute>
 0000:00000000       __hybrid_code_map          0000000000000000     <absolute>
 0000:00000000       __dynamic_value_reloc_table 0000000000000000     <absolute>
 0000:00000000       __volatile_metadata        0000000000000000     <absolute>
 0000:00000000       __enclave_config           0000000000000000     <absolute>
 0000:00000000       __guard_fids_table         0000000000000000     <absolute>
 0000:00000000       __hybrid_auxiliary_iat     0000000000000000     <absolute>
 0000:00000100       __guard_flags              0000000000000100     <absolute>
 0000:00000000       __ImageBase                0000000180000000     <linker-defined>
 0001:000000c0       ?internal_grow_predicate@hash_map_segment_base@internal@tbb@@QEBA_NXZ 00000001800010c0 f   concurrent_hash_map.obj
 0001:000000f0       ?__global_delete@@YAXPEAX_K@Z 00000001800010f0 f i * CIL library *:* CIL module *
 0001:000000f0       _guard_check_icall_nop     00000001800010f0 f i MSVCRT:guard_support.obj
 0001:000000f0       ?internal_destroy@reader_writer_lock@interface5@tbb@@AEAAXXZ 00000001800010f0 f i reader_writer_lock.obj
 0001:000000f0       ?register_master@private_server@rml@internal@tbb@@UEAAXAEAPEAX@Z 00000001800010f0 f i private_server.obj
 0001:000000f0       ?independent_thread_number_changed@private_server@rml@internal@tbb@@UEAAXH@Z 00000001800010f0 f i private_server.obj
 0001:000000f0       ?note_affinity@task@tbb@@UEAAXG@Z 00000001800010f0 f i task.obj
 0001:000000f0       ?destroy_condvar_noop@internal@tbb@@YAXPEAU_RTL_CONDITION_VARIABLE@@@Z 00000001800010f0 f i condition_variable.obj
 0001:000000f0       ?unregister_master@private_server@rml@internal@tbb@@UEAAXPEAX@Z 00000001800010f0 f i private_server.obj
 0001:000000f0       ?inject_token@pipeline@tbb@@AEAAXAEAVtask@2@@Z 00000001800010f0 f i pipeline.obj
 0001:000000f0       ?finalize@filter@tbb@@UEAAXPEAX@Z 00000001800010f0 f i pipeline.obj
 0001:000000f0       ?__empty_global_delete@@YAXPEAX_K@Z 00000001800010f0 f i concurrent_hash_map.obj
 0001:000000f0       ?apply_active@stack_size_control@internal@tbb@@EEBAXXZ 00000001800010f0 f i tbb_main.obj
 0001:00000100       ??0scoped_lock@spin_mutex@tbb@@QEAA@AEAV12@@Z 0000000180001100 f i concurrent_queue.obj
 0001:00000180       ??1scoped_lock@spin_mutex@tbb@@QEAA@XZ 0000000180001180 f i concurrent_queue.obj
 0001:00000190       ??1binary_semaphore@internal@tbb@@QEAA@XZ 0000000180001190 f i concurrent_queue.obj
 0001:000001a0       ??1thread_context@concurrent_monitor@internal@tbb@@QEAA@XZ 00000001800011a0 f i concurrent_queue.obj
 0001:000001e0       ??1micro_queue_pop_finalizer@internal@tbb@@QEAA@XZ 00000001800011e0 f i concurrent_queue.obj
 0001:000002b0       ?choose@concurrent_queue_rep@internal@tbb@@QEAAAEAUmicro_queue@23@_K@Z 00000001800012b0 f i concurrent_queue.obj
 0001:000002d0       ?push@micro_queue@internal@tbb@@QEAAXPEBX_KAEAVconcurrent_queue_base_v3@23@W4copy_specifics@423@@Z 00000001800012d0 f   concurrent_queue.obj
 0001:00000490       ?abort_push@micro_queue@internal@tbb@@QEAAX_KAEAVconcurrent_queue_base_v3@23@@Z 0000000180001490 f   concurrent_queue.obj
 0001:000004b0       ?pop@micro_queue@internal@tbb@@QEAA_NPEAX_KAEAVconcurrent_queue_base_v3@23@@Z 00000001800014b0 f   concurrent_queue.obj
 0001:000006a0       ?assign@micro_queue@internal@tbb@@QEAAAEAU123@AEBU123@AEAVconcurrent_queue_base_v3@23@W4copy_specifics@423@@Z 00000001800016a0 f   concurrent_queue.obj
 0001:00000910       ?make_invalid@micro_queue@internal@tbb@@QEAAX_K@Z 0000000180001910 f   concurrent_queue.obj
 0001:000009d0       ??0concurrent_queue_base_v3@internal@tbb@@IEAA@_K@Z 00000001800019d0 f   concurrent_queue.obj
 0001:00000b00       ??_Econcurrent_queue_base_v3@internal@tbb@@MEAAPEAXI@Z 0000000180001b00 f i * CIL library *:* CIL module *
 0001:00000b00       ??_Gconcurrent_queue_base_v3@internal@tbb@@MEAAPEAXI@Z 0000000180001b00 f i concurrent_queue.obj
 0001:00000b50       ??1concurrent_queue_base_v3@internal@tbb@@MEAA@XZ 0000000180001b50 f   concurrent_queue.obj
 0001:00000b80       ?internal_push@concurrent_queue_base_v3@internal@tbb@@IEAAXPEBX@Z 0000000180001b80 f   concurrent_queue.obj
 0001:00000b90       ?internal_push_move@concurrent_queue_base_v8@internal@tbb@@IEAAXPEBX@Z 0000000180001b90 f   concurrent_queue.obj
 0001:00000ba0       ?internal_insert_item@concurrent_queue_base_v3@internal@tbb@@IEAAXPEBXW4copy_specifics@123@@Z 0000000180001ba0 f   concurrent_queue.obj
 0001:00000fd0       ?internal_pop@concurrent_queue_base_v3@internal@tbb@@IEAAXPEAX@Z 0000000180001fd0 f   concurrent_queue.obj
 0001:00001570       ?internal_abort@concurrent_queue_base_v3@internal@tbb@@IEAAXXZ 0000000180002570 f   concurrent_queue.obj
 0001:000017c0       ?internal_pop_if_present@concurrent_queue_base_v3@internal@tbb@@IEAA_NPEAX@Z 00000001800027c0 f   concurrent_queue.obj
 0001:00001990       ?internal_push_if_not_full@concurrent_queue_base_v3@internal@tbb@@IEAA_NPEBX@Z 0000000180002990 f   concurrent_queue.obj
 0001:000019a0       ?internal_push_move_if_not_full@concurrent_queue_base_v8@internal@tbb@@IEAA_NPEBX@Z 00000001800029a0 f   concurrent_queue.obj
 0001:000019b0       ?internal_insert_if_not_full@concurrent_queue_base_v3@internal@tbb@@IEAA_NPEBXW4copy_specifics@123@@Z 00000001800029b0 f   concurrent_queue.obj
 0001:00001b80       ?internal_size@concurrent_queue_base_v3@internal@tbb@@IEBA_JXZ 0000000180002b80 f   concurrent_queue.obj
 0001:00001bb0       ?internal_empty@concurrent_queue_base_v3@internal@tbb@@IEBA_NXZ 0000000180002bb0 f   concurrent_queue.obj
 0001:00001bf0       ?internal_set_capacity@concurrent_queue_base_v3@internal@tbb@@IEAAX_J_K@Z 0000000180002bf0 f   concurrent_queue.obj
 0001:00001bf0       ?internal_set_capacity@concurrent_queue_base@internal@tbb@@IEAAX_J_K@Z 0000000180002bf0 f   concurrent_queue_v2.obj
 0001:00001c10       ?internal_finish_clear@concurrent_queue_base_v3@internal@tbb@@IEAAXXZ 0000000180002c10 f   concurrent_queue.obj
 0001:00001c80       ?internal_throw_exception@concurrent_queue_base_v3@internal@tbb@@IEBAXXZ 0000000180002c80 f   concurrent_queue.obj
 0001:00001c90       ?internal_assign@concurrent_queue_base_v3@internal@tbb@@IEAAXAEBV123@W4copy_specifics@123@@Z 0000000180002c90 f   concurrent_queue.obj
 0001:00001d60       ?assign@concurrent_queue_base_v3@internal@tbb@@IEAAXAEBV123@@Z 0000000180002d60 f   concurrent_queue.obj
 0001:00001d70       ?move_content@concurrent_queue_base_v8@internal@tbb@@IEAAXAEAV123@@Z 0000000180002d70 f   concurrent_queue.obj
 0001:00001d80       ?initialize@concurrent_queue_iterator_base_v3@internal@tbb@@AEAAXAEBVconcurrent_queue_base_v3@23@_K@Z 0000000180002d80 f   concurrent_queue.obj
 0001:00001e80       ??0concurrent_queue_iterator_base_v3@internal@tbb@@IEAA@AEBVconcurrent_queue_base_v3@12@@Z 0000000180002e80 f   concurrent_queue.obj
 0001:00001ea0       ??0concurrent_queue_iterator_base_v3@internal@tbb@@IEAA@AEBVconcurrent_queue_base_v3@12@_K@Z 0000000180002ea0 f   concurrent_queue.obj
 0001:00001ec0       ?assign@concurrent_queue_iterator_base_v3@internal@tbb@@IEAAXAEBV123@@Z 0000000180002ec0 f   concurrent_queue.obj
 0001:00001f90       ?advance@concurrent_queue_iterator_base_v3@internal@tbb@@IEAAXXZ 0000000180002f90 f   concurrent_queue.obj
 0001:00002040       ??1concurrent_queue_iterator_base_v3@internal@tbb@@IEAA@XZ 0000000180003040 f   concurrent_queue.obj
 0001:00002070       ??F?$atomic_impl_with_arithmetic@_K_KD@internal@tbb@@QEAA_KH@Z 0000000180003070 f i concurrent_queue.obj
 0001:00002080       ??E?$atomic_impl_with_arithmetic@_K_KD@internal@tbb@@QEAA_KXZ 0000000180003080 f i concurrent_queue.obj
 0001:00002090       ??Y?$atomic_impl_with_arithmetic@_K_KD@internal@tbb@@QEAA_K_K@Z 0000000180003090 f i concurrent_queue.obj
 0001:000020a0       ?segment_base@concurrent_vector_base_v3@internal@tbb@@KA_K_K@Z 00000001800030a0 f i concurrent_vector.obj
 0001:000020b0       ??0helper@concurrent_vector_base_v3@internal@tbb@@QEAA@PEAVsegment_t@123@_K1111@Z 00000001800030b0 f i concurrent_vector.obj
 0001:000020f0       ??1helper@concurrent_vector_base_v3@internal@tbb@@QEAA@XZ 00000001800030f0 f i concurrent_vector.obj
 0001:00002120       ??0destroy_body@helper@concurrent_vector_base_v3@internal@tbb@@QEAA@P6AXPEAX_K@Z@Z 0000000180003120 f i concurrent_vector.obj
 0001:00002130       ?extend_segment_table@helper@concurrent_vector_base_v3@internal@tbb@@SAXAEAV234@_K@Z 0000000180003130 f   concurrent_vector.obj
 0001:000022e0       ?enable_segment@helper@concurrent_vector_base_v3@internal@tbb@@SA_KAEAV234@_K1_N@Z 00000001800032e0 f   concurrent_vector.obj
 0001:000024d0       ?cleanup@helper@concurrent_vector_base_v3@internal@tbb@@QEAAXXZ 00000001800034d0 f   concurrent_vector.obj
 0001:00002780       ??1concurrent_vector_base_v3@internal@tbb@@IEAA@XZ 0000000180003780 f   concurrent_vector.obj
 0001:000027b0       ?internal_capacity@concurrent_vector_base_v3@internal@tbb@@IEBA_KXZ 00000001800037b0 f   concurrent_vector.obj
 0001:000027f0       ?internal_throw_exception@concurrent_vector_base_v3@internal@tbb@@IEBAX_K@Z 00000001800037f0 f   concurrent_vector.obj
 0001:00002830       ?internal_reserve@concurrent_vector_base_v3@internal@tbb@@IEAAX_K00@Z 0000000180003830 f   concurrent_vector.obj
 0001:00002930       ?internal_copy@concurrent_vector_base_v3@internal@tbb@@IEAAXAEBV123@_KP6AXPEAXPEBX1@Z@Z 0000000180003930 f   concurrent_vector.obj
 0001:00002a60       ?internal_assign@concurrent_vector_base_v3@internal@tbb@@IEAAXAEBV123@_KP6AXPEAX1@ZP6AX2PEBX1@Z5@Z 0000000180003a60 f   concurrent_vector.obj
 0001:00002c80       ?internal_push_back@concurrent_vector_base_v3@internal@tbb@@IEAAPEAX_KAEA_K@Z 0000000180003c80 f   concurrent_vector.obj
 0001:00002d70       ?internal_grow_to_at_least@concurrent_vector_base_v3@internal@tbb@@IEAAX_K0P6AXPEAXPEBX0@Z2@Z 0000000180003d70 f   concurrent_vector.obj
 0001:00002d80       ?internal_grow_to_at_least_with_result@concurrent_vector_base_v3@internal@tbb@@IEAA_K_K0P6AXPEAXPEBX0@Z2@Z 0000000180003d80 f   concurrent_vector.obj
 0001:00002f00       ?internal_grow_by@concurrent_vector_base_v3@internal@tbb@@IEAA_K_K0P6AXPEAXPEBX0@Z2@Z 0000000180003f00 f   concurrent_vector.obj
 0001:00002f40       ?internal_grow@concurrent_vector_base_v3@internal@tbb@@IEAAX_K00P6AXPEAXPEBX0@Z2@Z 0000000180003f40 f   concurrent_vector.obj
 0001:00003200       ?internal_resize@concurrent_vector_base_v3@internal@tbb@@IEAAX_K00PEBXP6AXPEAX0@ZP6AX210@Z@Z 0000000180004200 f   concurrent_vector.obj
 0001:000033f0       ?internal_clear@concurrent_vector_base_v3@internal@tbb@@IEAA_KP6AXPEAX_K@Z@Z 00000001800043f0 f   concurrent_vector.obj
 0001:000034a0       ?internal_compact@concurrent_vector_base_v3@internal@tbb@@IEAAPEAX_KPEAXP6AX10@ZP6AX1PEBX0@Z@Z 00000001800044a0 f   concurrent_vector.obj
 0001:00003840       ?internal_swap@concurrent_vector_base_v3@internal@tbb@@IEAAXAEAV123@@Z 0000000180004840 f   concurrent_vector.obj
 0001:00003940       ??$spin_wait_while_eq@PEAVscoped_lock@queuing_rw_mutex@tbb@@PEAX@internal@tbb@@YAXAEDSEAVscoped_lock@queuing_rw_mutex@1@PEAX@Z 0000000180004940 f i queuing_rw_mutex.obj
 0001:00003940       ??$spin_wait_while_eq@PEAXPEAX@internal@tbb@@YAXAEDSEAXPEAX@Z 0000000180004940 f i concurrent_vector_v2.obj
 0001:00003940       ??$spin_wait_while_eq@PEAVscoped_lock@reader_writer_lock@interface5@tbb@@PEAV1234@@internal@tbb@@YAXAEDSEAVscoped_lock@reader_writer_lock@interface5@1@PEAV2341@@Z 0000000180004940 f i reader_writer_lock.obj
 0001:00003940       ??$spin_wait_while@Usegment_not_used_predicate@helper@concurrent_vector_base_v3@internal@tbb@@@internal@tbb@@YAXUsegment_not_used_predicate@helper@concurrent_vector_base_v3@01@@Z 0000000180004940 f i concurrent_vector.obj
 0001:000039a0       ??$apply@Usafe_init_body@helper@concurrent_vector_base_v3@internal@tbb@@@helper@concurrent_vector_base_v3@internal@tbb@@QEAA_KAEBUsafe_init_body@0123@@Z 00000001800049a0 f i concurrent_vector.obj
 0001:00003b00       ??$apply@Udestroy_body@helper@concurrent_vector_base_v3@internal@tbb@@@helper@concurrent_vector_base_v3@internal@tbb@@QEAA_KAEBUdestroy_body@0123@@Z 0000000180004b00 f i concurrent_vector.obj
 0001:00003d60       ?dynamic_link@internal@tbb@@YA_NPEBDQEBUdynamic_link_descriptor@12@_KPEAPEAUHINSTANCE__@@H@Z 0000000180004d60 f   dynamic_link.obj
 0001:0000d3c0       __itt_fini_ittlib          000000018000e3c0 f   itt_notify.obj
 0001:0000d490       __itt_init_ittlib          000000018000e490 f   itt_notify.obj
 0001:0000d870       ?initialize_handler_pointers@internal@tbb@@YAXXZ 000000018000e870 f   cache_aligned_allocator.obj
 0001:0000dba0       ?NFS_GetLineSize@internal@tbb@@YA_KXZ 000000018000eba0 f   cache_aligned_allocator.obj
 0001:0000dbb0       ?NFS_Allocate@internal@tbb@@YAPEAX_K0PEAX@Z 000000018000ebb0 f   cache_aligned_allocator.obj
 0001:0000dc10       ?NFS_Free@internal@tbb@@YAXPEAX@Z 000000018000ec10 f   cache_aligned_allocator.obj
 0001:0000dc80       ?allocate_closure_v3@internal@tbb@@YAPEAX_K@Z 000000018000ec80 f   tbb_thread.obj
 0001:0000dc80       ?allocate_via_handler_v3@internal@tbb@@YAPEAX_K@Z 000000018000ec80 f   cache_aligned_allocator.obj
 0001:0000dcb0       ?free_closure_v3@internal@tbb@@YAXPEAX@Z 000000018000ecb0 f   tbb_thread.obj
 0001:0000dcb0       ?deallocate_via_handler_v3@internal@tbb@@YAXPEAX@Z 000000018000ecb0 f   cache_aligned_allocator.obj
 0001:0000dcc0       ?is_malloc_used_v3@internal@tbb@@YA_NXZ 000000018000ecc0 f   cache_aligned_allocator.obj
 0001:0000dd00       ??_Gtask@tbb@@UEAAPEAXI@Z  000000018000ed00 f i pipeline.obj
 0001:0000dd00       ??_Etask@tbb@@UEAAPEAXI@Z  000000018000ed00 f i * CIL library *:* CIL module *
 0001:0000dd00       ??_Eempty_task@tbb@@UEAAPEAXI@Z 000000018000ed00 f i * CIL library *:* CIL module *
 0001:0000dd00       ??_Gempty_task@tbb@@UEAAPEAXI@Z 000000018000ed00 f i arena.obj
 0001:0000dd30       ??_Efilter@tbb@@UEAAPEAXI@Z 000000018000ed30 f i * CIL library *:* CIL module *
 0001:0000dd30       ??_Gfilter@tbb@@UEAAPEAXI@Z 000000018000ed30 f i pipeline.obj
 0001:0000ddf0       ??0input_buffer@internal@tbb@@QEAA@_N0@Z 000000018000edf0 f i pipeline.obj
 0001:0000de70       ?put_token@input_buffer@internal@tbb@@QEAA_NAEAUtask_info@23@_N@Z 000000018000ee70 f i pipeline.obj
 0001:0000dfd0       ?return_item@input_buffer@internal@tbb@@QEAA_NAEAUtask_info@23@_N@Z 000000018000efd0 f i pipeline.obj
 0001:0000e0b0       ?grow@input_buffer@internal@tbb@@AEAAXK@Z 000000018000f0b0 f   pipeline.obj
 0001:0000e1c0       ??_Gstage_task@internal@tbb@@UEAAPEAXI@Z 000000018000f1c0 f i pipeline.obj
 0001:0000e1c0       ??_Estage_task@internal@tbb@@UEAAPEAXI@Z 000000018000f1c0 f i * CIL library *:* CIL module *
 0001:0000e240       ?execute@stage_task@internal@tbb@@UEAAPEAVtask@3@XZ 000000018000f240 f   pipeline.obj
 0001:0000e690       ?execute@pipeline_root_task@internal@tbb@@EEAAPEAVtask@3@XZ 000000018000f690 f i pipeline.obj
 0001:0000e8d0       ??_Gpipeline_root_task@internal@tbb@@UEAAPEAXI@Z 000000018000f8d0 f i pipeline.obj
 0001:0000e8d0       ??_Epipeline_root_task@internal@tbb@@UEAAPEAXI@Z 000000018000f8d0 f i * CIL library *:* CIL module *
 0001:0000e900       ??1pipeline_cleaner@internal@tbb@@QEAA@XZ 000000018000f900 f i pipeline.obj
 0001:0000e9d0       ??0pipeline@tbb@@QEAA@XZ   000000018000f9d0 f   pipeline.obj
 0001:0000ea00       ??_Epipeline@tbb@@UEAAPEAXI@Z 000000018000fa00 f i * CIL library *:* CIL module *
 0001:0000ea00       ??_Gpipeline@tbb@@UEAAPEAXI@Z 000000018000fa00 f i pipeline.obj
 0001:0000eab0       ??1pipeline@tbb@@UEAA@XZ   000000018000fab0 f   pipeline.obj
 0001:0000eb50       ?clear@pipeline@tbb@@QEAAXXZ 000000018000fb50 f   pipeline.obj
 0001:0000ebf0       ??_Ginput_buffer@internal@tbb@@QEAAPEAXI@Z 000000018000fbf0 f i pipeline.obj
 0001:0000ec70       ?add_filter@pipeline@tbb@@QEAAXAEAVfilter@2@@Z 000000018000fc70 f   pipeline.obj
 0001:0000ee20       ?run@pipeline@tbb@@QEAAX_KAEAVtask_group_context@2@@Z 000000018000fe20 f   pipeline.obj
 0001:0000f080       ?run@pipeline@tbb@@QEAAX_K@Z 0000000180010080 f   pipeline.obj
 0001:0000f130       ??1filter@tbb@@UEAA@XZ     0000000180010130 f   pipeline.obj
 0001:0000f1d0       ?set_end_of_input@filter@tbb@@IEAAXXZ 00000001800101d0 f   pipeline.obj
 0001:0000f200       ?process_item@thread_bound_filter@tbb@@QEAA?AW4result_type@12@XZ 0000000180010200 f   pipeline.obj
 0001:0000f210       ?try_process_item@thread_bound_filter@tbb@@QEAA?AW4result_type@12@XZ 0000000180010210 f   pipeline.obj
 0001:0000f220       ?internal_process_item@thread_bound_filter@tbb@@AEAA?AW4result_type@12@_N@Z 0000000180010220 f   pipeline.obj
 0001:0000f460       ??$note_done@Vstage_task@internal@tbb@@@input_buffer@internal@tbb@@QEAAXKAEAVstage_task@12@@Z 0000000180010460 f i pipeline.obj
 0001:0000f610       ?acquire@scoped_lock@queuing_mutex@tbb@@QEAAXAEAV23@@Z 0000000180010610 f   queuing_mutex.obj
 0001:0000f6b0       ?try_acquire@scoped_lock@queuing_mutex@tbb@@QEAA_NAEAV23@@Z 00000001800106b0 f   queuing_mutex.obj
 0001:0000f6f0       ?release@scoped_lock@queuing_mutex@tbb@@QEAAXXZ 00000001800106f0 f   queuing_mutex.obj
 0001:0000f780       ?internal_construct@queuing_mutex@tbb@@QEAAXXZ 0000000180010780 f   queuing_mutex.obj
 0001:0000f7b0       ?unblock_or_wait_on_internal_lock@scoped_lock@queuing_rw_mutex@tbb@@AEAAX_K@Z 00000001800107b0 f i queuing_rw_mutex.obj
 0001:0000f810       ?acquire@scoped_lock@queuing_rw_mutex@tbb@@QEAAXAEAV23@_N@Z 0000000180010810 f   queuing_rw_mutex.obj
 0001:0000f9a0       ?try_acquire@scoped_lock@queuing_rw_mutex@tbb@@QEAA_NAEAV23@_N@Z 00000001800109a0 f   queuing_rw_mutex.obj
 0001:0000fa00       ?release@scoped_lock@queuing_rw_mutex@tbb@@QEAAXXZ 0000000180010a00 f   queuing_rw_mutex.obj
 0001:0000fcc0       ?downgrade_to_reader@scoped_lock@queuing_rw_mutex@tbb@@QEAA_NXZ 0000000180010cc0 f   queuing_rw_mutex.obj
 0001:0000fd80       ?upgrade_to_writer@scoped_lock@queuing_rw_mutex@tbb@@QEAA_NXZ 0000000180010d80 f   queuing_rw_mutex.obj
 0001:000100f0       ?internal_construct@queuing_rw_mutex@tbb@@QEAAXXZ 00000001800110f0 f   queuing_rw_mutex.obj
 0001:00010120       ??$spin_wait_until_eq@EH@internal@tbb@@YAXAEDEH@Z 0000000180011120 f i queuing_rw_mutex.obj
 0001:00010180       ??$spin_wait_while_eq@PEAVscoped_lock@queuing_rw_mutex@tbb@@PEAV123@@internal@tbb@@YAXAEDSEAVscoped_lock@queuing_rw_mutex@1@PEAV231@@Z 0000000180011180 f i queuing_rw_mutex.obj
 0001:000101e0       ??1scoped_lock_read@reader_writer_lock@interface5@tbb@@QEAA@XZ 00000001800111e0 f i reader_writer_lock.obj
 0001:00010250       ?fetch_and_or@interface5@tbb@@YA_KAEAU?$atomic@_K@2@_K@Z 0000000180011250 f i reader_writer_lock.obj
 0001:000102d0       ?internal_construct@reader_writer_lock@interface5@tbb@@AEAAXXZ 00000001800112d0 f   reader_writer_lock.obj
 0001:000102f0       ?lock@reader_writer_lock@interface5@tbb@@QEAAXXZ 00000001800112f0 f   reader_writer_lock.obj
 0001:00010370       ?try_lock@reader_writer_lock@interface5@tbb@@QEAA_NXZ 0000000180011370 f   reader_writer_lock.obj
 0001:000103e0       ?start_write@reader_writer_lock@interface5@tbb@@AEAA_NPEAVscoped_lock@123@@Z 00000001800113e0 f   reader_writer_lock.obj
 0001:00010520       ??_Gscoped_lock@reader_writer_lock@interface5@tbb@@QEAAPEAXI@Z 0000000180011520 f i reader_writer_lock.obj
 0001:00010560       ?set_next_writer@reader_writer_lock@interface5@tbb@@AEAAXPEAVscoped_lock@123@@Z 0000000180011560 f   reader_writer_lock.obj
 0001:00010650       ?lock_read@reader_writer_lock@interface5@tbb@@QEAAXXZ 0000000180011650 f   reader_writer_lock.obj
 0001:000106e0       ?try_lock_read@reader_writer_lock@interface5@tbb@@QEAA_NXZ 00000001800116e0 f   reader_writer_lock.obj
 0001:00010740       ?start_read@reader_writer_lock@interface5@tbb@@AEAAXPEAVscoped_lock_read@123@@Z 0000000180011740 f   reader_writer_lock.obj
 0001:00010830       ?unlock@reader_writer_lock@interface5@tbb@@QEAAXXZ 0000000180011830 f   reader_writer_lock.obj
 0001:000108b0       ?end_write@reader_writer_lock@interface5@tbb@@AEAAXPEAVscoped_lock@123@@Z 00000001800118b0 f   reader_writer_lock.obj
 0001:000109d0       ?internal_construct@scoped_lock@reader_writer_lock@interface5@tbb@@AEAAXAEAV234@@Z 00000001800119d0 f   reader_writer_lock.obj
 0001:00010a30       ?internal_construct@scoped_lock_read@reader_writer_lock@interface5@tbb@@AEAAXAEAV234@@Z 0000000180011a30 f   reader_writer_lock.obj
 0001:00010a90       ?internal_destroy@scoped_lock@reader_writer_lock@interface5@tbb@@AEAAXXZ 0000000180011a90 f   reader_writer_lock.obj
 0001:00010ad0       ?internal_destroy@scoped_lock_read@reader_writer_lock@interface5@tbb@@AEAAXXZ 0000000180011ad0 f   reader_writer_lock.obj
 0001:00010b30       ?internal_acquire_writer@spin_rw_mutex@tbb@@CA_NPEAV12@@Z 0000000180011b30 f   spin_rw_mutex_v2.obj
 0001:00010b30       ?internal_acquire_writer@spin_rw_mutex_v3@tbb@@AEAA_NXZ 0000000180011b30 f   spin_rw_mutex.obj
 0001:00010bf0       ?internal_release_writer@spin_rw_mutex_v3@tbb@@AEAAXXZ 0000000180011bf0 f   spin_rw_mutex.obj
 0001:00010c20       ?internal_acquire_reader@spin_rw_mutex_v3@tbb@@AEAAXXZ 0000000180011c20 f   spin_rw_mutex.obj
 0001:00010ca0       ?internal_upgrade@spin_rw_mutex_v3@tbb@@AEAA_NXZ 0000000180011ca0 f   spin_rw_mutex.obj
 0001:00010dc0       ?internal_downgrade@spin_rw_mutex_v3@tbb@@AEAAXXZ 0000000180011dc0 f   spin_rw_mutex.obj
 0001:00010df0       ?internal_release_reader@spin_rw_mutex_v3@tbb@@AEAAXXZ 0000000180011df0 f   spin_rw_mutex.obj
 0001:00010df0       ?internal_release_reader@spin_rw_mutex@tbb@@CAXPEAV12@@Z 0000000180011df0 f   spin_rw_mutex_v2.obj
 0001:00010e20       ?internal_try_acquire_writer@spin_rw_mutex@tbb@@CA_NPEAV12@@Z 0000000180011e20 f   spin_rw_mutex_v2.obj
 0001:00010e20       ?internal_try_acquire_writer@spin_rw_mutex_v3@tbb@@AEAA_NXZ 0000000180011e20 f   spin_rw_mutex.obj
 0001:00010e90       ?internal_try_acquire_reader@spin_rw_mutex_v3@tbb@@AEAA_NXZ 0000000180011e90 f   spin_rw_mutex.obj
 0001:00010ed0       ?internal_construct@spin_rw_mutex_v3@tbb@@AEAAXXZ 0000000180011ed0 f   spin_rw_mutex.obj
 0001:00010f00       ?acquire@scoped_lock@spin_rw_mutex_v3@tbb@@QEAAXAEAV23@_N@Z 0000000180011f00 f i x86_rtm_rw_mutex.obj
 0001:00010fb0       ?internal_release@x86_rtm_rw_mutex@internal@interface8@tbb@@AEAAXAEAVscoped_lock@1234@@Z 0000000180011fb0 f   x86_rtm_rw_mutex.obj
 0001:00011010       ?internal_acquire_writer@x86_rtm_rw_mutex@internal@interface8@tbb@@AEAAXAEAVscoped_lock@1234@_N@Z 0000000180012010 f   x86_rtm_rw_mutex.obj
 0001:000110f0       ?internal_acquire_reader@x86_rtm_rw_mutex@internal@interface8@tbb@@AEAAXAEAVscoped_lock@1234@_N@Z 00000001800120f0 f   x86_rtm_rw_mutex.obj
 0001:000111d0       ?internal_upgrade@x86_rtm_rw_mutex@internal@interface8@tbb@@AEAA_NAEAVscoped_lock@1234@@Z 00000001800121d0 f   x86_rtm_rw_mutex.obj
 0001:00011400       ?internal_downgrade@x86_rtm_rw_mutex@internal@interface8@tbb@@AEAA_NAEAVscoped_lock@1234@@Z 0000000180012400 f   x86_rtm_rw_mutex.obj
 0001:00011440       ?internal_try_acquire_writer@x86_rtm_rw_mutex@internal@interface8@tbb@@AEAA_NAEAVscoped_lock@1234@@Z 0000000180012440 f   x86_rtm_rw_mutex.obj
 0001:00011530       ?internal_construct@x86_rtm_rw_mutex@internal@interface8@tbb@@AEAAXXZ 0000000180012530 f   x86_rtm_rw_mutex.obj
 0001:00011560       ?internal_acquire@scoped_lock@spin_mutex@tbb@@AEAAXAEAV23@@Z 0000000180012560 f   spin_mutex.obj
 0001:00011600       ?internal_release@scoped_lock@spin_mutex@tbb@@AEAAXXZ 0000000180012600 f   spin_mutex.obj
 0001:00011630       ?internal_try_acquire@scoped_lock@spin_mutex@tbb@@AEAA_NAEAV23@@Z 0000000180012630 f   spin_mutex.obj
 0001:00011670       ?internal_construct@spin_mutex@tbb@@QEAAXXZ 0000000180012670 f   spin_mutex.obj
 0001:000116a0       ?internal_construct@critical_section_v4@internal@tbb@@QEAAXXZ 00000001800126a0 f   critical_section.obj
 0001:000116d0       ?internal_acquire@scoped_lock@mutex@tbb@@AEAAXAEAV23@@Z 00000001800126d0 f   mutex.obj
 0001:00011730       ?internal_release@scoped_lock@mutex@tbb@@AEAAXXZ 0000000180012730 f   mutex.obj
 0001:00011770       ?internal_try_acquire@scoped_lock@mutex@tbb@@AEAA_NAEAV23@@Z 0000000180012770 f   mutex.obj
 0001:000117c0       ?internal_construct@mutex@tbb@@AEAAXXZ 00000001800127c0 f   mutex.obj
 0001:00011810       ?internal_destroy@mutex@tbb@@AEAAXXZ 0000000180012810 f   mutex.obj
 0001:00011810       ?internal_destroy@recursive_mutex@tbb@@AEAAXXZ 0000000180012810 f   recursive_mutex.obj
 0001:00011850       ?internal_acquire@scoped_lock@recursive_mutex@tbb@@AEAAXAEAV23@@Z 0000000180012850 f   recursive_mutex.obj
 0001:00011890       ?internal_release@scoped_lock@recursive_mutex@tbb@@AEAAXXZ 0000000180012890 f   recursive_mutex.obj
 0001:000118c0       ?internal_try_acquire@scoped_lock@recursive_mutex@tbb@@AEAA_NAEAV23@@Z 00000001800128c0 f   recursive_mutex.obj
 0001:00011900       ?internal_construct@recursive_mutex@tbb@@AEAAXXZ 0000000180012900 f   recursive_mutex.obj
 0001:00011950       ?init_condvar_using_event@internal@tbb@@YAXPEAUcondition_variable_using_event@1interface5@2@@Z 0000000180012950 f   condition_variable.obj
 0001:00011990       ?sleep_condition_variable_cs_using_event@internal@tbb@@YAHPEAUcondition_variable_using_event@1interface5@2@PEAU_RTL_CRITICAL_SECTION@@K@Z 0000000180012990 f   condition_variable.obj
 0001:00011aa0       ?wake_condition_variable_using_event@internal@tbb@@YAXPEAUcondition_variable_using_event@1interface5@2@@Z 0000000180012aa0 f   condition_variable.obj
 0001:00011af0       ?wake_all_condition_variable_using_event@internal@tbb@@YAXPEAUcondition_variable_using_event@1interface5@2@@Z 0000000180012af0 f   condition_variable.obj
 0001:00011b40       ?destroy_condvar_using_event@internal@tbb@@YAXPEAUcondition_variable_using_event@1interface5@2@@Z 0000000180012b40 f   condition_variable.obj
 0001:00011be0       ?init_condvar_module@internal@tbb@@YAXXZ 0000000180012be0 f   condition_variable.obj
 0001:00011c30       ?internal_initialize_condition_variable@internal@interface5@tbb@@YAXAEATcondvar_impl_t@123@@Z 0000000180012c30 f   condition_variable.obj
 0001:00011cd0       ?internal_destroy_condition_variable@internal@interface5@tbb@@YAXAEATcondvar_impl_t@123@@Z 0000000180012cd0 f   condition_variable.obj
 0001:00011ce0       ?internal_condition_variable_notify_one@internal@interface5@tbb@@YAXAEATcondvar_impl_t@123@@Z 0000000180012ce0 f   condition_variable.obj
 0001:00011cf0       ?internal_condition_variable_notify_all@internal@interface5@tbb@@YAXAEATcondvar_impl_t@123@@Z 0000000180012cf0 f   condition_variable.obj
 0001:00011d00       ?internal_condition_variable_wait@internal@interface5@tbb@@YA_NAEATcondvar_impl_t@123@PEAVmutex@3@PEBVinterval_t@tick_count@3@@Z 0000000180012d00 f   condition_variable.obj
 0001:00011d90       ?default_num_threads@governor@internal@tbb@@SAIXZ 0000000180012d90 f i tbb_thread.obj
 0001:00011e60       ?join@tbb_thread_v3@internal@tbb@@QEAAXXZ 0000000180012e60 f   tbb_thread.obj
 0001:00011f00       ?detach@tbb_thread_v3@internal@tbb@@QEAAXXZ 0000000180012f00 f   tbb_thread.obj
 0001:00011f50       ?internal_start@tbb_thread_v3@internal@tbb@@AEAAXP6AIPEAX@Z0@Z 0000000180012f50 f   tbb_thread.obj
 0001:00011fd0       ?hardware_concurrency@tbb_thread_v3@internal@tbb@@SAIXZ 0000000180012fd0 f   tbb_thread.obj
 0001:00011ff0       ?thread_get_id_v3@internal@tbb@@YA?AVid@tbb_thread_v3@12@XZ 0000000180012ff0 f   tbb_thread.obj
 0001:00012010       ?move_v3@internal@tbb@@YAXAEAVtbb_thread_v3@12@0@Z 0000000180013010 f   tbb_thread.obj
 0001:00012070       ?thread_yield_v3@internal@tbb@@YAXXZ 0000000180013070 f   tbb_thread.obj
 0001:00012070       ?yield@private_server@rml@internal@tbb@@UEAAXXZ 0000000180013070 f   private_server.obj
 0001:00012080       ?thread_sleep_v3@internal@tbb@@YAXAEBVinterval_t@tick_count@2@@Z 0000000180013080 f   tbb_thread.obj
 0001:000121b0       ?init@thread_context@concurrent_monitor@internal@tbb@@AEAAXXZ 00000001800131b0 f   concurrent_monitor.obj
 0001:000121e0       ??1concurrent_monitor@internal@tbb@@QEAA@XZ 00000001800131e0 f   concurrent_monitor.obj
 0001:00012310       ?prepare_wait@concurrent_monitor@internal@tbb@@QEAAXAEAVthread_context@123@_K@Z 0000000180013310 f   concurrent_monitor.obj
 0001:000123f0       ?cancel_wait@concurrent_monitor@internal@tbb@@QEAAXAEAVthread_context@123@@Z 00000001800133f0 f   concurrent_monitor.obj
 0001:000124b0       __local_stdio_printf_options 00000001800134b0 f i private_server.obj
 0001:000124c0       fprintf                    00000001800134c0 f i private_server.obj
 0001:00012510       ?launch@thread_monitor@internal@rml@@SAPEAXP6AIPEAX@Z0_KPEB_K@Z 0000000180013510 f i private_server.obj
 0001:000126c0       ?remove_server_ref@private_server@rml@internal@tbb@@AEAAXXZ 00000001800136c0 f i private_server.obj
 0001:00012710       ?version@market@internal@tbb@@EEBAIXZ 0000000180013710 f i market.obj
 0001:00012710       ?version@private_server@rml@internal@tbb@@UEBAIXZ 0000000180013710 f i private_server.obj
 0001:00012710       _is_c_termination_complete 0000000180013710 f i MSVCRT:ucrt_stubs.obj
 0001:00012710       ?execute@empty_task@tbb@@EEAAPEAVtask@2@XZ 0000000180013710 f i arena.obj
 0001:00012710       __scrt_stub_for_is_c_termination_complete 0000000180013710 f i MSVCRT:ucrt_stubs.obj
 0001:00012720       ?request_close_connection@private_server@rml@internal@tbb@@UEAAX_N@Z 0000000180013720 f i private_server.obj
 0001:00012850       ?default_concurrency@private_server@rml@internal@tbb@@UEBAIXZ 0000000180013850 f i private_server.obj
 0001:00012860       ?thread_routine@private_worker@rml@internal@tbb@@CAIPEAX@Z 0000000180013860 f   private_server.obj
 0001:000128d0       ?run@private_worker@rml@internal@tbb@@AEAAXXZ 00000001800138d0 f   private_server.obj
 0001:00012a90       ??0private_server@rml@internal@tbb@@QEAA@AEAVtbb_client@123@@Z 0000000180013a90 f   private_server.obj
 0001:00012c10       ??_Gprivate_server@rml@internal@tbb@@EEAAPEAXI@Z 0000000180013c10 f i private_server.obj
 0001:00012c10       ??_Eprivate_server@rml@internal@tbb@@EEAAPEAXI@Z 0000000180013c10 f i * CIL library *:* CIL module *
 0001:00012cb0       ?wake_some@private_server@rml@internal@tbb@@AEAAXH@Z 0000000180013cb0 f   private_server.obj
 0001:00012e60       ?adjust_job_count_estimate@private_server@rml@internal@tbb@@UEAAXH@Z 0000000180013e60 f   private_server.obj
 0001:00012e80       ??0exception@std@@QEAA@AEBV01@@Z 0000000180013e80 f i tbb_misc.obj
 0001:00012ec0       ?what@exception@std@@UEBAPEBDXZ 0000000180013ec0 f i tbb_misc.obj
 0001:00012ee0       ??_Erange_error@std@@UEAAPEAXI@Z 0000000180013ee0 f i * CIL library *:* CIL module *
 0001:00012ee0       ??_Einvalid_multiple_scheduling@tbb@@UEAAPEAXI@Z 0000000180013ee0 f i * CIL library *:* CIL module *
 0001:00012ee0       ??_Gimproper_lock@tbb@@UEAAPEAXI@Z 0000000180013ee0 f i tbb_misc.obj
 0001:00012ee0       ??_Grange_error@std@@UEAAPEAXI@Z 0000000180013ee0 f i tbb_misc.obj
 0001:00012ee0       ??_Gbad_last_alloc@tbb@@UEAAPEAXI@Z 0000000180013ee0 f i tbb_misc.obj
 0001:00012ee0       ??_Gexception@std@@UEAAPEAXI@Z 0000000180013ee0 f i tbb_misc.obj
 0001:00012ee0       ??_Eout_of_range@std@@UEAAPEAXI@Z 0000000180013ee0 f i * CIL library *:* CIL module *
 0001:00012ee0       ??_Elogic_error@std@@UEAAPEAXI@Z 0000000180013ee0 f i * CIL library *:* CIL module *
 0001:00012ee0       ??_Eexception@std@@UEAAPEAXI@Z 0000000180013ee0 f i * CIL library *:* CIL module *
 0001:00012ee0       ??_Gruntime_error@std@@UEAAPEAXI@Z 0000000180013ee0 f i tbb_misc.obj
 0001:00012ee0       ??_Ginvalid_argument@std@@UEAAPEAXI@Z 0000000180013ee0 f i tbb_misc.obj
 0001:00012ee0       ??_Glogic_error@std@@UEAAPEAXI@Z 0000000180013ee0 f i tbb_misc.obj
 0001:00012ee0       ??_Guser_abort@tbb@@UEAAPEAXI@Z 0000000180013ee0 f i tbb_misc.obj
 0001:00012ee0       ??_Eruntime_error@std@@UEAAPEAXI@Z 0000000180013ee0 f i * CIL library *:* CIL module *
 0001:00012ee0       ??_Emissing_wait@tbb@@UEAAPEAXI@Z 0000000180013ee0 f i * CIL library *:* CIL module *
 0001:00012ee0       ??_Euser_abort@tbb@@UEAAPEAXI@Z 0000000180013ee0 f i * CIL library *:* CIL module *
 0001:00012ee0       ??_Glength_error@std@@UEAAPEAXI@Z 0000000180013ee0 f i tbb_misc.obj
 0001:00012ee0       ??_Ebad_alloc@std@@UEAAPEAXI@Z 0000000180013ee0 f i * CIL library *:* CIL module *
 0001:00012ee0       ??_Gout_of_range@std@@UEAAPEAXI@Z 0000000180013ee0 f i tbb_misc.obj
 0001:00012ee0       ??_Ebad_last_alloc@tbb@@UEAAPEAXI@Z 0000000180013ee0 f i * CIL library *:* CIL module *
 0001:00012ee0       ??_Einvalid_argument@std@@UEAAPEAXI@Z 0000000180013ee0 f i * CIL library *:* CIL module *
 0001:00012ee0       ??_Elength_error@std@@UEAAPEAXI@Z 0000000180013ee0 f i * CIL library *:* CIL module *
 0001:00012ee0       ??_Eimproper_lock@tbb@@UEAAPEAXI@Z 0000000180013ee0 f i * CIL library *:* CIL module *
 0001:00012ee0       ??_Gbad_alloc@std@@UEAAPEAXI@Z 0000000180013ee0 f i tbb_misc.obj
 0001:00012ee0       ??_Ginvalid_multiple_scheduling@tbb@@UEAAPEAXI@Z 0000000180013ee0 f i tbb_misc.obj
 0001:00012ee0       ??_Gmissing_wait@tbb@@UEAAPEAXI@Z 0000000180013ee0 f i tbb_misc.obj
 0001:00012f30       ??0bad_alloc@std@@QEAA@XZ  0000000180013f30 f i tbb_misc.obj
 0001:00012f60       ??1missing_wait@tbb@@UEAA@XZ 0000000180013f60 f i tbb_misc.obj
 0001:00012f60       ??1user_abort@tbb@@UEAA@XZ 0000000180013f60 f i tbb_misc.obj
 0001:00012f60       ??1range_error@std@@UEAA@XZ 0000000180013f60 f i tbb_misc.obj
 0001:00012f60       ??1bad_alloc@std@@UEAA@XZ  0000000180013f60 f i tbb_misc.obj
 0001:00012f60       ??1out_of_range@std@@UEAA@XZ 0000000180013f60 f i tbb_misc.obj
 0001:00012f60       ??1invalid_argument@std@@UEAA@XZ 0000000180013f60 f i tbb_misc.obj
 0001:00012f60       ??1bad_last_alloc@tbb@@UEAA@XZ 0000000180013f60 f i tbb_misc.obj
 0001:00012f60       ??1runtime_error@std@@UEAA@XZ 0000000180013f60 f i tbb_misc.obj
 0001:00012f60       ??1length_error@std@@UEAA@XZ 0000000180013f60 f i tbb_misc.obj
 0001:00012f60       ??1improper_lock@tbb@@UEAA@XZ 0000000180013f60 f i tbb_misc.obj
 0001:00012f60       ??1invalid_multiple_scheduling@tbb@@UEAA@XZ 0000000180013f60 f i tbb_misc.obj
 0001:00012f80       _snprintf                  0000000180013f80 f i tbb_misc.obj
 0001:00012fe0       ?set_assertion_handler@tbb@@YAP6AXPEBDH00@ZP6AX0H00@Z@Z 0000000180013fe0 f   tbb_misc.obj
 0001:00012ff0       ?assertion_failure@tbb@@YAXPEBDH00@Z 0000000180013ff0 f   tbb_misc.obj
 0001:000130b0       ?runtime_warning@internal@tbb@@YAXPEBDZZ 00000001800140b0 f   tbb_misc.obj
 0001:00013170       ??0invalid_argument@std@@QEAA@PEBD@Z 0000000180014170 f i tbb_misc.obj
 0001:000131c0       ??0length_error@std@@QEAA@PEBD@Z 00000001800141c0 f i tbb_misc.obj
 0001:00013210       ??0out_of_range@std@@QEAA@PEBD@Z 0000000180014210 f i tbb_misc.obj
 0001:00013260       ??0runtime_error@std@@QEAA@PEBD@Z 0000000180014260 f i tbb_misc.obj
 0001:000132b0       ??0range_error@std@@QEAA@PEBD@Z 00000001800142b0 f i tbb_misc.obj
 0001:00013300       ??0runtime_error@std@@QEAA@AEBV01@@Z 0000000180014300 f i tbb_misc.obj
 0001:00013340       ?what@bad_last_alloc@tbb@@UEBAPEBDXZ 0000000180014340 f   tbb_misc.obj
 0001:00013350       ?what@improper_lock@tbb@@UEBAPEBDXZ 0000000180014350 f   tbb_misc.obj
 0001:00013360       ?what@user_abort@tbb@@UEBAPEBDXZ 0000000180014360 f   tbb_misc.obj
 0001:00013370       ?what@invalid_multiple_scheduling@tbb@@UEBAPEBDXZ 0000000180014370 f   tbb_misc.obj
 0001:00013380       ?what@missing_wait@tbb@@UEBAPEBDXZ 0000000180014380 f   tbb_misc.obj
 0001:00013390       ?handle_perror@internal@tbb@@YAXHPEBD@Z 0000000180014390 f   tbb_misc.obj
 0001:00013400       ?handle_win_error@internal@tbb@@YAXH@Z 0000000180014400 f   tbb_misc.obj
 0001:00013470       ?throw_bad_last_alloc_exception_v4@internal@tbb@@YAXXZ 0000000180014470 f   tbb_misc.obj
 0001:000134b0       ?throw_exception_v4@internal@tbb@@YAXW4exception_id@12@@Z 00000001800144b0 f   tbb_misc.obj
 0001:000137e0       ??0bad_last_alloc@tbb@@QEAA@XZ 00000001800147e0 f i tbb_misc.obj
 0001:00013810       ??0missing_wait@tbb@@QEAA@XZ 0000000180014810 f i tbb_misc.obj
 0001:00013830       ??0invalid_multiple_scheduling@tbb@@QEAA@XZ 0000000180014830 f i tbb_misc.obj
 0001:00013850       ??0improper_lock@tbb@@QEAA@XZ 0000000180014850 f i tbb_misc.obj
 0001:00013870       ??0user_abort@tbb@@QEAA@XZ 0000000180014870 f i tbb_misc.obj
 0001:00013890       ??0bad_alloc@std@@QEAA@AEBV01@@Z 0000000180014890 f i tbb_misc.obj
 0001:000138d0       ??0bad_last_alloc@tbb@@QEAA@AEBV01@@Z 00000001800148d0 f i tbb_misc.obj
 0001:00013910       ??0invalid_argument@std@@QEAA@AEBV01@@Z 0000000180014910 f i tbb_misc.obj
 0001:00013950       ??0logic_error@std@@QEAA@AEBV01@@Z 0000000180014950 f i tbb_misc.obj
 0001:00013990       ??0out_of_range@std@@QEAA@AEBV01@@Z 0000000180014990 f i tbb_misc.obj
 0001:000139d0       ??0range_error@std@@QEAA@AEBV01@@Z 00000001800149d0 f i tbb_misc.obj
 0001:00013a10       ??0missing_wait@tbb@@QEAA@AEBV01@@Z 0000000180014a10 f i tbb_misc.obj
 0001:00013a50       ??0invalid_multiple_scheduling@tbb@@QEAA@AEBV01@@Z 0000000180014a50 f i tbb_misc.obj
 0001:00013a90       ??0improper_lock@tbb@@QEAA@AEBV01@@Z 0000000180014a90 f i tbb_misc.obj
 0001:00013ad0       ??0length_error@std@@QEAA@AEBV01@@Z 0000000180014ad0 f i tbb_misc.obj
 0001:00013b10       ??0user_abort@tbb@@QEAA@AEBV01@@Z 0000000180014b10 f i tbb_misc.obj
 0001:00013b50       ?PrintExtraVersionInfo@internal@tbb@@YAXPEBD0ZZ 0000000180014b50 f   tbb_misc.obj
 0001:00013c20       ?PrintRMLVersionInfo@internal@tbb@@YAXPEAXPEBD@Z 0000000180014c20 f   tbb_misc.obj
 0001:00013c30       TBB_runtime_interface_version 0000000180014c30 f   tbb_misc.obj
 0001:00013e70       ?allocate@allocate_root_proxy@internal@tbb@@SAAEAVtask@3@_K@Z 0000000180014e70 f   task.obj
 0001:00013ef0       ?free@allocate_root_proxy@internal@tbb@@SAXAEAVtask@3@@Z 0000000180014ef0 f   task.obj
 0001:00013f60       ?allocate@allocate_root_with_context_proxy@internal@tbb@@QEBAAEAVtask@3@_K@Z 0000000180014f60 f   task.obj
 0001:00014060       ?free@allocate_child_proxy@internal@tbb@@QEBAXAEAVtask@3@@Z 0000000180015060 f   task.obj
 0001:00014060       ?free@allocate_root_with_context_proxy@internal@tbb@@QEBAXAEAVtask@3@@Z 0000000180015060 f   task.obj
 0001:000140d0       ?allocate@allocate_continuation_proxy@internal@tbb@@QEBAAEAVtask@3@_K@Z 00000001800150d0 f   task.obj
 0001:00014130       ?free@allocate_continuation_proxy@internal@tbb@@QEBAXAEAVtask@3@@Z 0000000180015130 f   task.obj
 0001:000141b0       ?allocate@allocate_child_proxy@internal@tbb@@QEBAAEAVtask@3@_K@Z 00000001800151b0 f   task.obj
 0001:00014210       ?allocate@allocate_additional_child_of_proxy@internal@tbb@@QEBAAEAVtask@3@_K@Z 0000000180015210 f   task.obj
 0001:00014280       ?free@allocate_additional_child_of_proxy@internal@tbb@@QEBAXAEAVtask@3@@Z 0000000180015280 f   task.obj
 0001:00014340       ?get_initial_auto_partitioner_divisor@internal@tbb@@YA_KXZ 0000000180015340 f   task.obj
 0001:00014390       ?resize@affinity_partitioner_base_v3@internal@tbb@@AEAAXI@Z 0000000180015390 f   task.obj
 0001:000144a0       ?internal_set_ref_count@task@tbb@@AEAAXH@Z 00000001800154a0 f   task.obj
 0001:000144e0       ?internal_decrement_ref_count@task@tbb@@AEAA_JXZ 00000001800154e0 f   task.obj
 0001:00014540       ?self@task@tbb@@SAAEAV12@XZ 0000000180015540 f   task.obj
 0001:00014580       __scrt_stub_for_acrt_thread_detach 0000000180015580 f   MSVCRT:ucrt_stubs.obj
 0001:00014580       __acrt_thread_detach       0000000180015580 f   MSVCRT:ucrt_stubs.obj
 0001:00014580       __scrt_stub_for_acrt_uninitialize_critical 0000000180015580 f   MSVCRT:ucrt_stubs.obj
 0001:00014580       __acrt_thread_attach       0000000180015580 f   MSVCRT:ucrt_stubs.obj
 0001:00014580       __scrt_stub_for_acrt_initialize 0000000180015580 f   MSVCRT:ucrt_stubs.obj
 0001:00014580       __vcrt_uninitialize_critical 0000000180015580 f   MSVCRT:ucrt_stubs.obj
 0001:00014580       __vcrt_thread_detach       0000000180015580 f   MSVCRT:ucrt_stubs.obj
 0001:00014580       __vcrt_initialize          0000000180015580 f   MSVCRT:ucrt_stubs.obj
 0001:00014580       __acrt_uninitialize_critical 0000000180015580 f   MSVCRT:ucrt_stubs.obj
 0001:00014580       __scrt_stub_for_acrt_uninitialize 0000000180015580 f   MSVCRT:ucrt_stubs.obj
 0001:00014580       __vcrt_thread_attach       0000000180015580 f   MSVCRT:ucrt_stubs.obj
 0001:00014580       __acrt_uninitialize        0000000180015580 f   MSVCRT:ucrt_stubs.obj
 0001:00014580       __acrt_initialize          0000000180015580 f   MSVCRT:ucrt_stubs.obj
 0001:00014580       __scrt_stub_for_acrt_thread_attach 0000000180015580 f   MSVCRT:ucrt_stubs.obj
 0001:00014580       __vcrt_uninitialize        0000000180015580 f   MSVCRT:ucrt_stubs.obj
 0001:00014580       ?is_owned_by_current_thread@task@tbb@@QEBA_NXZ 0000000180015580 f   task.obj
 0001:00014590       ?destroy@task_base@internal@interface5@tbb@@SAXAEAVtask@4@@Z 0000000180015590 f   task.obj
 0001:00014680       ?spawn_and_wait_for_all@task@tbb@@QEAAXAEAVtask_list@2@@Z 0000000180015680 f   task.obj
 0001:00014720       ?change_group@task@tbb@@QEAAXAEAVtask_group_context@2@@Z 0000000180015720 f   task.obj
 0001:000147f0       ??1exception_ptr@std@@QEAA@XZ 00000001800157f0 f i task_group_context.obj
 0001:00014810       ??0exception_ptr@std@@QEAA@AEBV01@@Z 0000000180015810 f i task_group_context.obj
 0001:00014840       ??0captured_exception@tbb@@QEAA@AEBV01@@Z 0000000180015840 f i task_group_context.obj
 0001:000148c0       ?throw_self@captured_exception@tbb@@UEAAXXZ 00000001800158c0 f i task_group_context.obj
 0001:000148f0       ??_Gcaptured_exception@tbb@@UEAAPEAXI@Z 00000001800158f0 f i task_group_context.obj
 0001:000148f0       ??_Ecaptured_exception@tbb@@UEAAPEAXI@Z 00000001800158f0 f i * CIL library *:* CIL module *
 0001:00014990       ??0tbb_exception@tbb@@QEAA@AEBV01@@Z 0000000180015990 f i task_group_context.obj
 0001:000149d0       ??_Etbb_exception@tbb@@UEAAPEAXI@Z 00000001800159d0 f i * CIL library *:* CIL module *
 0001:000149d0       ??_Gtbb_exception@tbb@@UEAAPEAXI@Z 00000001800159d0 f i task_group_context.obj
 0001:00014a40       ?duplicate_string@tbb@@YAPEADPEBD@Z 0000000180015a40 f i task_group_context.obj
 0001:00014ab0       ??1captured_exception@tbb@@UEAA@XZ 0000000180015ab0 f   task_group_context.obj
 0001:00014b00       ?set@captured_exception@tbb@@QEAAXPEBD0@Z 0000000180015b00 f   task_group_context.obj
 0001:00014b40       ?clear@captured_exception@tbb@@QEAAXXZ 0000000180015b40 f   task_group_context.obj
 0001:00014b80       ?move@captured_exception@tbb@@UEAAPEAV12@XZ 0000000180015b80 f   task_group_context.obj
 0001:00014c00       ?destroy@captured_exception@tbb@@UEAAXXZ 0000000180015c00 f   task_group_context.obj
 0001:00014c60       ?allocate@captured_exception@tbb@@SAPEAV12@PEBD0@Z 0000000180015c60 f   task_group_context.obj
 0001:00014cf0       ?name@captured_exception@tbb@@UEBAPEBDXZ 0000000180015cf0 f   task_group_context.obj
 0001:00014d00       ?what@captured_exception@tbb@@UEBAPEBDXZ 0000000180015d00 f   task_group_context.obj
 0001:00014d10       ?allocate@tbb_exception_ptr@internal@tbb@@SAPEAV123@AEBVtbb_exception@3@@Z 0000000180015d10 f   task_group_context.obj
 0001:00014d10       ?allocate@tbb_exception_ptr@internal@tbb@@SAPEAV123@XZ 0000000180015d10 f   task_group_context.obj
 0001:00014d80       ?allocate@tbb_exception_ptr@internal@tbb@@SAPEAV123@AEAVcaptured_exception@3@@Z 0000000180015d80 f   task_group_context.obj
 0001:00014e70       ??1task_group_context@tbb@@QEAA@XZ 0000000180015e70 f   task_group_context.obj
 0001:00015110       ?init@task_group_context@tbb@@IEAAXXZ 0000000180016110 f   task_group_context.obj
 0001:00015170       ?register_with@task_group_context@tbb@@QEAAXPEAVgeneric_scheduler@internal@2@@Z 0000000180016170 f   task_group_context.obj
 0001:000152a0       ?bind_to@task_group_context@tbb@@QEAAXPEAVgeneric_scheduler@internal@2@@Z 00000001800162a0 f   task_group_context.obj
 0001:00015400       ?cancel_group_execution@task_group_context@tbb@@QEAA_NXZ 0000000180016400 f   task_group_context.obj
 0001:00015550       ?is_group_execution_cancelled@task_group_context@tbb@@QEBA_NXZ 0000000180016550 f   task_group_context.obj
 0001:00015560       ?reset@task_group_context@tbb@@QEAAXXZ 0000000180016560 f   task_group_context.obj
 0001:000155d0       ?capture_fp_settings@task_group_context@tbb@@QEAAXXZ 00000001800165d0 f   task_group_context.obj
 0001:00015610       ?register_pending_exception@task_group_context@tbb@@QEAAXXZ 0000000180016610 f   task_group_context.obj
 0001:00015640       ?set_priority@task_group_context@tbb@@QEAAXW4priority_t@2@@Z 0000000180016640 f   task_group_context.obj
 0001:000157e0       ?priority@task_group_context@tbb@@QEBA?AW4priority_t@2@XZ 00000001800167e0 f   task_group_context.obj
 0001:00015800       ??$spin_wait_until_eq@U?$atomic@_K@tbb@@I@internal@tbb@@YAXAEDU?$atomic@_K@1@I@Z 0000000180016800 f i task_group_context.obj
 0001:00015860       ??$propagate_task_group_state@_K@generic_scheduler@internal@tbb@@QEAAXPEQtask_group_context@2@_KAEAV32@_K@Z 0000000180016860 f i task_group_context.obj
 0001:00015960       ??$propagate_task_group_state@_J@generic_scheduler@internal@tbb@@QEAAXPEQtask_group_context@2@_JAEAV32@_J@Z 0000000180016960 f i task_group_context.obj
 0001:00015a70       ?initialize_cilk_interop@internal@tbb@@YA_NXZ 0000000180016a70 f   governor.obj
 0001:00015aa0       ?assume_scheduler@governor@internal@tbb@@SAXPEAVgeneric_scheduler@23@@Z 0000000180016aa0 f   governor.obj
 0001:00015ae0       ?is_set@governor@internal@tbb@@SA_NPEAVgeneric_scheduler@23@@Z 0000000180016ae0 f   governor.obj
 0001:00015b40       ?sign_on@governor@internal@tbb@@SAXPEAVgeneric_scheduler@23@@Z 0000000180016b40 f   governor.obj
 0001:00015bd0       ?one_time_init@governor@internal@tbb@@SAXXZ 0000000180016bd0 f   governor.obj
 0001:00015c90       ?init_scheduler@governor@internal@tbb@@SAPEAVgeneric_scheduler@23@H_K_N@Z 0000000180016c90 f   governor.obj
 0001:00015de0       ?stack_op_handler@governor@internal@tbb@@SAHW4__cilk_tbb_stack_op@@PEAX@Z 0000000180016de0 f   governor.obj
 0001:00015e80       ?initialize@task_scheduler_init@tbb@@QEAAXH@Z 0000000180016e80 f   governor.obj
 0001:00015e90       ?initialize@task_scheduler_init@tbb@@QEAAXH_K@Z 0000000180016e90 f   governor.obj
 0001:00016180       ?internal_terminate@task_scheduler_init@tbb@@AEAA_N_N@Z 0000000180017180 f   governor.obj
 0001:000162c0       ?terminate@task_scheduler_init@tbb@@QEAAXXZ 00000001800172c0 f   governor.obj
 0001:000162d0       ?internal_blocking_terminate@task_scheduler_init@tbb@@AEAA_N_N@Z 00000001800172d0 f   governor.obj
 0001:00016310       ?default_num_threads@task_scheduler_init@tbb@@SAHXZ 0000000180017310 f   governor.obj
 0001:00016320       ??1scoped_lock@spin_rw_mutex_v3@tbb@@QEAA@XZ 0000000180017320 f i market.obj
 0001:00016350       ?max_job_count@market@internal@tbb@@EEBAIXZ 0000000180017350 f i market.obj
 0001:00016360       ?min_stack_size@market@internal@tbb@@EEBA_KXZ 0000000180017360 f i market.obj
 0001:00016370       _get_startup_argv_mode     0000000180017370 f i MSVCRT:argv_mode.obj
 0001:00016370       ?policy@market@internal@tbb@@EEBA?AW4policy_type@client@rml@@XZ 0000000180017370 f i market.obj
 0001:00016380       ?recall_by_mandatory_request@arena@internal@tbb@@QEBA_NXZ 0000000180017380 f i market.obj
 0001:00016400       ?global_market@market@internal@tbb@@CAAEAV123@_NI_K@Z 0000000180017400 f   market.obj
 0001:00016780       ?release@market@internal@tbb@@QEAA_N_N0@Z 0000000180017780 f   market.obj
 0001:00016900       ?set_active_num_workers@market@internal@tbb@@SAXI@Z 0000000180017900 f   market.obj
 0001:00016bb0       ?create_arena@market@internal@tbb@@SAPEAVarena@23@HH_K@Z 0000000180017bb0 f   market.obj
 0001:00016d10       ?try_destroy_arena@market@internal@tbb@@QEAAXPEAVarena@23@_K@Z 0000000180017d10 f   market.obj
 0001:00016e60       ?reset_global_priority@market@internal@tbb@@AEAAXXZ 0000000180017e60 f i market.obj
 0001:00016e90       ?update_allotment@market@internal@tbb@@AEAAX_J@Z 0000000180017e90 f   market.obj
 0001:00016fd0       ?mandatory_concurrency_enable@market@internal@tbb@@QEAA_NPEAVarena@23@@Z 0000000180017fd0 f   market.obj
 0001:000170c0       ?mandatory_concurrency_disable@market@internal@tbb@@QEAAXPEAVarena@23@@Z 00000001800180c0 f   market.obj
 0001:00017290       ?adjust_demand@market@internal@tbb@@QEAAXAEAVarena@23@H@Z 0000000180018290 f   market.obj
 0001:00017550       ?process@market@internal@tbb@@EEAAXAEAVjob@rml@@@Z 0000000180018550 f   market.obj
 0001:00017690       ?cleanup@market@internal@tbb@@EEAAXAEAVjob@rml@@@Z 0000000180018690 f   market.obj
 0001:000177a0       ?acknowledge_close_connection@market@internal@tbb@@EEAAXXZ 00000001800187a0 f   market.obj
 0001:000177c0       ?create_one_job@market@internal@tbb@@EEAAPEAVjob@rml@@XZ 00000001800187c0 f   market.obj
 0001:00017870       ?update_arena_top_priority@market@internal@tbb@@AEAAXAEAVarena@23@_J@Z 0000000180018870 f   market.obj
 0001:00017980       ?lower_arena_priority@market@internal@tbb@@QEAA_NAEAVarena@23@_J_K@Z 0000000180018980 f   market.obj
 0001:00017ab0       ?update_arena_priority@market@internal@tbb@@QEAA_NAEAVarena@23@_J@Z 0000000180018ab0 f   market.obj
 0001:00017c90       ?_RethrowException@exception_ptr@std@@QEBAXXZ 0000000180018c90 f i arena.obj
 0001:00017ca0       ?rethrow_exception@std@@YAXVexception_ptr@1@@Z 0000000180018ca0 f i arena.obj
 0001:00017cc0       ?throw_self@tbb_exception_ptr@internal@tbb@@QEAAXXZ 0000000180018cc0 f i arena.obj
 0001:00017ce0       ?notify_entry_observers@observer_list@internal@tbb@@QEAAXAEAPEAVobserver_proxy@23@_N@Z 0000000180018ce0 f i arena.obj
 0001:00017e70       ?occupy_free_slot_in_range@arena@internal@tbb@@QEAA_KAEAVgeneric_scheduler@23@_K1@Z 0000000180018e70 f   arena.obj
 0001:00017f60       ?process@arena@internal@tbb@@QEAAXAEAVgeneric_scheduler@23@@Z 0000000180018f60 f   arena.obj
 0001:00018190       ??0arena@internal@tbb@@QEAA@AEAVmarket@12@II@Z 0000000180019190 f   arena.obj
 0001:00018400       ??1?$padded@Uarena_base@internal@tbb@@$0IA@@internal@tbb@@QEAA@XZ 0000000180019400 f i arena.obj
 0001:00018430       ?free_arena@arena@internal@tbb@@QEAAXXZ 0000000180019430 f   arena.obj
 0001:00018690       ?restore_priority_if_need@arena@internal@tbb@@AEAAXXZ 0000000180019690 f   arena.obj
 0001:00018740       ?is_out_of_work@arena@internal@tbb@@QEAA_NXZ 0000000180019740 f   arena.obj
 0001:00018b10       ?enqueue_task@arena@internal@tbb@@QEAAXAEAVtask@3@_JAEAVFastRandom@23@@Z 0000000180019b10 f   arena.obj
 0001:00018c00       ??0nested_arena_context@internal@tbb@@QEAA@PEAVgeneric_scheduler@12@PEAVarena@12@_K_N3@Z 0000000180019c00 f i arena.obj
 0001:00018e50       ??1nested_arena_context@internal@tbb@@QEAA@XZ 0000000180019e50 f i arena.obj
 0001:00018f20       ?nested_arena_exit@generic_scheduler@internal@tbb@@QEAAXXZ 0000000180019f20 f   arena.obj
 0001:000190a0       ??1auto_empty_task@internal@tbb@@QEAA@XZ 000000018001a0a0 f i arena.obj
 0001:000190d0       ?internal_initialize@task_arena_base@internal@interface7@tbb@@IEAAXXZ 000000018001a0d0 f   arena.obj
 0001:000192e0       ?internal_terminate@task_arena_base@internal@interface7@tbb@@IEAAXXZ 000000018001a2e0 f   arena.obj
 0001:000193c0       ?internal_attach@task_arena_base@internal@interface7@tbb@@IEAAXXZ 000000018001a3c0 f   arena.obj
 0001:00019440       ?internal_enqueue@task_arena_base@internal@interface7@tbb@@IEBAXAEAVtask@4@_J@Z 000000018001a440 f   arena.obj
 0001:00019490       ?execute@delegated_task@internal@interface7@tbb@@EEAAPEAVtask@4@XZ 000000018001a490 f i arena.obj
 0001:00019530       ??1outermost_context@?1??execute@delegated_task@internal@interface7@tbb@@EEAAPEAVtask@5@XZ@QEAA@XZ 000000018001a530 f i arena.obj
 0001:00019560       ??_Edelegated_task@internal@interface7@tbb@@EEAAPEAXI@Z 000000018001a560 f i * CIL library *:* CIL module *
 0001:00019560       ??_Gdelegated_task@internal@interface7@tbb@@EEAAPEAXI@Z 000000018001a560 f i arena.obj
 0001:000196f0       ?internal_execute@task_arena_base@internal@interface7@tbb@@IEBAXAEAVdelegate_base@234@@Z 000000018001a6f0 f   arena.obj
 0001:00019dd0       ?execute@wait_task@internal@interface7@tbb@@EEAAPEAVtask@4@XZ 000000018001add0 f i arena.obj
 0001:00019e40       ??_Ewait_task@internal@interface7@tbb@@UEAAPEAXI@Z 000000018001ae40 f i * CIL library *:* CIL module *
 0001:00019e40       ??_G?$function_task@Vspawn_functor@graph@interface10@flow@tbb@@@internal@tbb@@UEAAPEAXI@Z 000000018001ae40 f i arena.obj
 0001:00019e40       ??_E?$function_task@Vspawn_functor@graph@interface10@flow@tbb@@@internal@tbb@@UEAAPEAXI@Z 000000018001ae40 f i * CIL library *:* CIL module *
 0001:00019e40       ??_Gwait_task@internal@interface7@tbb@@UEAAPEAXI@Z 000000018001ae40 f i arena.obj
 0001:00019e70       ?internal_wait@task_arena_base@internal@interface7@tbb@@IEBAXXZ 000000018001ae70 f   arena.obj
 0001:0001a260       ?internal_current_slot@task_arena_base@internal@interface7@tbb@@KAHXZ 000000018001b260 f   arena.obj
 0001:0001a290       ??1isolation_guard@internal@interface7@tbb@@QEAA@XZ 000000018001b290 f i arena.obj
 0001:0001a2a0       ?isolate_within_arena@internal@interface7@tbb@@YAXAEAVdelegate_base@123@_J@Z 000000018001b2a0 f   arena.obj
 0001:0001a320       ?internal_max_concurrency@task_arena_base@internal@interface7@tbb@@KAHPEBVtask_arena@34@@Z 000000018001b320 f   arena.obj
 0001:0001a370       ??1?$context_guard_helper@$00@internal@tbb@@QEAA@XZ 000000018001b370 f i scheduler.obj
 0001:0001a370       ??1?$context_guard_helper@$0A@@internal@tbb@@QEAA@XZ 000000018001b370 f i arena.obj
 0001:0001a390       ?execute@?$function_task@Vspawn_functor@graph@interface10@flow@tbb@@@internal@tbb@@EEAAPEAVtask@3@XZ 000000018001b390 f i arena.obj
 0001:0001a3b0       ?push@?$task_stream@$02@internal@tbb@@QEAAXPEAVtask@3@HAEAVFastRandom@23@@Z 000000018001b3b0 f i arena.obj
 0001:0001a540       ??1?$task_stream@$02@internal@tbb@@QEAA@XZ 000000018001b540 f i arena.obj
 0001:0001a5c0       ??0?$padded@U?$queue_and_mutex@PEAVtask@tbb@@Vspin_mutex@2@@internal@tbb@@$0IA@@internal@tbb@@QEAA@XZ 000000018001b5c0 f i arena.obj
 0001:0001a620       ??1?$padded@U?$queue_and_mutex@PEAVtask@tbb@@Vspin_mutex@2@@internal@tbb@@$0IA@@internal@tbb@@QEAA@XZ 000000018001b620 f i arena.obj
 0001:0001a6d0       ?_Growmap@?$deque@PEAVtask@tbb@@V?$tbb_allocator@PEAVtask@tbb@@@2@@std@@IEAAX_K@Z 000000018001b6d0 f i arena.obj
 0001:0001a910       ?_Xlen@?$deque@PEAVtask@tbb@@V?$tbb_allocator@PEAVtask@tbb@@@2@@std@@IEBAXXZ 000000018001b910 f i arena.obj
 0001:0001a930       ??$advertise_new_work@$01@arena@internal@tbb@@QEAAXXZ 000000018001b930 f i arena.obj
 0001:0001aa10       ??$on_thread_leaving@$00@arena@internal@tbb@@QEAAXXZ 000000018001ba10 f i arena.obj
 0001:0001aaa0       ??$occupy_free_slot@$0A@@arena@internal@tbb@@QEAA_KAEAVgeneric_scheduler@12@@Z 000000018001baa0 f i arena.obj
 0001:0001ab60       ?allocate_task_pool@arena_slot@internal@tbb@@QEAAX_K@Z 000000018001bb60 f i scheduler.obj
 0001:0001abf0       ??1scheduler@internal@tbb@@UEAA@XZ 000000018001bbf0 f   scheduler.obj
 0001:0001ac00       ??0generic_scheduler@internal@tbb@@IEAA@AEAVmarket@12@@Z 000000018001bc00 f   scheduler.obj
 0001:0001adf0       ??_Ggeneric_scheduler@internal@tbb@@UEAAPEAXI@Z 000000018001bdf0 f i scheduler.obj
 0001:0001adf0       ??_E?$custom_scheduler@UIntelSchedulerTraits@internal@tbb@@@internal@tbb@@UEAAPEAXI@Z 000000018001bdf0 f i * CIL library *:* CIL module *
 0001:0001adf0       ??_Egeneric_scheduler@internal@tbb@@UEAAPEAXI@Z 000000018001bdf0 f i * CIL library *:* CIL module *
 0001:0001adf0       ??_E?$custom_scheduler@UDefaultSchedulerTraits@internal@tbb@@@internal@tbb@@UEAAPEAXI@Z 000000018001bdf0 f i * CIL library *:* CIL module *
 0001:0001adf0       ??_G?$custom_scheduler@UDefaultSchedulerTraits@internal@tbb@@@internal@tbb@@UEAAPEAXI@Z 000000018001bdf0 f i scheduler.obj
 0001:0001adf0       ??_G?$custom_scheduler@UIntelSchedulerTraits@internal@tbb@@@internal@tbb@@UEAAPEAXI@Z 000000018001bdf0 f i scheduler.obj
 0001:0001ae20       ?free_scheduler@generic_scheduler@internal@tbb@@QEAAXXZ 000000018001be20 f   scheduler.obj
 0001:0001b010       ?allocate_task@generic_scheduler@internal@tbb@@QEAAAEAVtask@3@_KPEAV43@PEAVtask_group_context@3@@Z 000000018001c010 f   scheduler.obj
 0001:0001b140       ?free_nonlocal_small_task@generic_scheduler@internal@tbb@@QEAAXAEAVtask@3@@Z 000000018001c140 f   scheduler.obj
 0001:0001b1f0       ?prepare_task_pool@generic_scheduler@internal@tbb@@QEAA_K_K@Z 000000018001c1f0 f i scheduler.obj
 0001:0001b430       ?acquire_task_pool@generic_scheduler@internal@tbb@@QEBAXXZ 000000018001c430 f i scheduler.obj
 0001:0001b4f0       ?release_task_pool@generic_scheduler@internal@tbb@@QEBAXXZ 000000018001c4f0 f i scheduler.obj
 0001:0001b530       ?prepare_for_spawning@generic_scheduler@internal@tbb@@QEAAPEAVtask@3@PEAV43@@Z 000000018001c530 f i scheduler.obj
 0001:0001b680       ?local_spawn@generic_scheduler@internal@tbb@@QEAAXPEAVtask@3@AEAPEAV43@@Z 000000018001c680 f   scheduler.obj
 0001:0001b980       ?spawn@generic_scheduler@internal@tbb@@UEAAXAEAVtask@3@AEAPEAV43@@Z 000000018001c980 f   scheduler.obj
 0001:0001b9d0       ?spawn_root_and_wait@generic_scheduler@internal@tbb@@UEAAXAEAVtask@3@AEAPEAV43@@Z 000000018001c9d0 f   scheduler.obj
 0001:0001bad0       ?enqueue@generic_scheduler@internal@tbb@@UEAAXAEAVtask@3@PEAX@Z 000000018001cad0 f   scheduler.obj
 0001:0001bb30       ??1auto_indicator@internal@tbb@@QEAA@XZ 000000018001cb30 f i scheduler.obj
 0001:0001bb40       ?get_task_and_activate_task_pool@generic_scheduler@internal@tbb@@QEAAPEAVtask@3@_K0_J@Z 000000018001cb40 f   scheduler.obj
 0001:0001bc60       ?winnow_task_pool@generic_scheduler@internal@tbb@@QEAAPEAVtask@3@_J@Z 000000018001cc60 f   scheduler.obj
 0001:0001bd40       ?reload_tasks@generic_scheduler@internal@tbb@@QEAAPEAVtask@3@AEAPEAV43@AEAPEAPEAV43@_J2@Z 000000018001cd40 f   scheduler.obj
 0001:0001bff0       ?reload_tasks@generic_scheduler@internal@tbb@@QEAAPEAVtask@3@_J@Z 000000018001cff0 f   scheduler.obj
 0001:0001c130       ?get_task@generic_scheduler@internal@tbb@@QEAAPEAVtask@3@_K_JAEA_N@Z 000000018001d130 f i scheduler.obj
 0001:0001c240       ?get_task@generic_scheduler@internal@tbb@@QEAAPEAVtask@3@_J@Z 000000018001d240 f i scheduler.obj
 0001:0001c4b0       ?steal_task@generic_scheduler@internal@tbb@@QEAAPEAVtask@3@AEAUarena_slot@23@_J@Z 000000018001d4b0 f   scheduler.obj
 0001:0001c6a0       ?get_mailbox_task@generic_scheduler@internal@tbb@@QEAAPEAVtask@3@_J@Z 000000018001d6a0 f   scheduler.obj
 0001:0001c810       ?leave_task_pool@generic_scheduler@internal@tbb@@QEAAXXZ 000000018001d810 f i scheduler.obj
 0001:0001c870       ?create_master@generic_scheduler@internal@tbb@@SAPEAV123@PEAVarena@23@@Z 000000018001d870 f   scheduler.obj
 0001:0001caf0       ?cleanup_master@generic_scheduler@internal@tbb@@QEAA_N_N@Z 000000018001daf0 f   scheduler.obj
 0001:0001ccc0       ?copy_memory@?$fast_reverse_vector@PEAVtask@tbb@@$0BA@@internal@tbb@@QEBAXPEAPEAVtask@3@@Z 000000018001dcc0 f i scheduler.obj
 0001:0001cd80       ??1?$fast_reverse_vector@PEAVtask@tbb@@$0BA@@internal@tbb@@QEAA@XZ 000000018001dd80 f i scheduler.obj
 0001:0001cde0       ?allocate_scheduler@?$custom_scheduler@UIntelSchedulerTraits@internal@tbb@@@internal@tbb@@SAPEAVgeneric_scheduler@23@AEAVmarket@23@@Z 000000018001dde0 f i scheduler.obj
 0001:0001ce70       ?wait_for_all@?$custom_scheduler@UIntelSchedulerTraits@internal@tbb@@@internal@tbb@@EEAAXAEAVtask@3@PEAV43@@Z 000000018001de70 f i scheduler.obj
 0001:0001cec0       ?allocate_scheduler@?$custom_scheduler@UDefaultSchedulerTraits@internal@tbb@@@internal@tbb@@SAPEAVgeneric_scheduler@23@AEAVmarket@23@@Z 000000018001dec0 f i scheduler.obj
 0001:0001cf50       ?wait_for_all@?$custom_scheduler@UDefaultSchedulerTraits@internal@tbb@@@internal@tbb@@EEAAXAEAVtask@3@PEAV43@@Z 000000018001df50 f i scheduler.obj
 0001:0001cfa0       ?local_wait_for_all@?$custom_scheduler@UDefaultSchedulerTraits@internal@tbb@@@internal@tbb@@EEAAXAEAVtask@3@PEAV43@@Z 000000018001dfa0 f i scheduler.obj
 0001:0001d800       ?receive_or_steal_task@?$custom_scheduler@UDefaultSchedulerTraits@internal@tbb@@@internal@tbb@@UEAAPEAVtask@3@AEA_J_J@Z 000000018001e800 f i scheduler.obj
 0001:0001de30       ?local_wait_for_all@?$custom_scheduler@UIntelSchedulerTraits@internal@tbb@@@internal@tbb@@EEAAXAEAVtask@3@PEAV43@@Z 000000018001ee30 f i scheduler.obj
 0001:0001e5a0       ?receive_or_steal_task@?$custom_scheduler@UIntelSchedulerTraits@internal@tbb@@@internal@tbb@@UEAAPEAVtask@3@AEA_J_J@Z 000000018001f5a0 f i scheduler.obj
 0001:0001eb20       ??$advertise_new_work@$0A@@arena@internal@tbb@@QEAAXXZ 000000018001fb20 f i scheduler.obj
 0001:0001ebd0       ?pop@?$task_stream@$02@internal@tbb@@QEAAPEAVtask@3@HAEAI@Z 000000018001fbd0 f i scheduler.obj
 0001:0001ed00       ?insert@observer_list@internal@tbb@@QEAAXPEAVobserver_proxy@23@@Z 000000018001fd00 f   observer_proxy.obj
 0001:0001ed90       ?remove_ref@observer_list@internal@tbb@@QEAAXPEAVobserver_proxy@23@@Z 000000018001fd90 f   observer_proxy.obj
 0001:0001ee60       ?do_notify_exit_observers@observer_list@internal@tbb@@AEAAXPEAVobserver_proxy@23@_N@Z 000000018001fe60 f   observer_proxy.obj
 0001:0001efe0       ?observe@task_scheduler_observer_v3@internal@tbb@@QEAAX_N@Z 000000018001ffe0 f   observer_proxy.obj
 0001:0001f290       ?add_ref@__TBB_InitOnce@internal@tbb@@SAXXZ 0000000180020290 f   tbb_main.obj
 0001:0001f300       ?remove_ref@__TBB_InitOnce@internal@tbb@@SAXXZ 0000000180020300 f   tbb_main.obj
 0001:0001f3c0       ?DoOneTimeInitializations@internal@tbb@@YAXXZ 00000001800203c0 f   tbb_main.obj
 0001:0001f6f0       DllMain                    00000001800206f0 f   tbb_main.obj
 0001:0001f7e0       ?itt_store_pointer_with_release_v3@internal@tbb@@YAXPEAX0@Z 00000001800207e0 f   tbb_main.obj
 0001:0001f820       ?itt_load_pointer_with_acquire_v3@internal@tbb@@YAPEAXPEBX@Z 0000000180020820 f   tbb_main.obj
 0001:0001f840       ?call_itt_notify_v5@internal@tbb@@YAXHPEAX@Z 0000000180020840 f   tbb_main.obj
 0001:0001f890       ?itt_load_pointer_v3@internal@tbb@@YAPEAXPEBX@Z 0000000180020890 f   tbb_main.obj
 0001:0001f8a0       ?itt_set_sync_name_v3@internal@tbb@@YAXPEAXPEB_W@Z 00000001800208a0 f   tbb_main.obj
 0001:0001f8b0       ?is_first_arg_preferred@control_storage@internal@tbb@@MEBA_N_K0@Z 00000001800208b0 f i tbb_main.obj
 0001:0001f8c0       ?active_value@control_storage@internal@tbb@@MEBA_KXZ 00000001800208c0 f i tbb_main.obj
 0001:0001f8e0       ?default_value@allowed_parallelism_control@internal@tbb@@EEBA_KXZ 00000001800208e0 f i tbb_main.obj
 0001:0001f900       ?is_first_arg_preferred@allowed_parallelism_control@internal@tbb@@EEBA_N_K0@Z 0000000180020900 f i tbb_main.obj
 0001:0001f910       ?apply_active@allowed_parallelism_control@internal@tbb@@EEBAXXZ 0000000180020910 f i tbb_main.obj
 0001:0001f920       ?active_value@allowed_parallelism_control@internal@tbb@@EEBA_KXZ 0000000180020920 f i tbb_main.obj
 0001:0001f9e0       ?default_value@stack_size_control@internal@tbb@@EEBA_KXZ 00000001800209e0 f i tbb_main.obj
 0001:0001f9f0       ?internal_create@global_control@interface9@tbb@@AEAAXXZ 00000001800209f0 f   tbb_main.obj
 0001:0001fb60       ?internal_destroy@global_control@interface9@tbb@@AEAAXXZ 0000000180020b60 f   tbb_main.obj
 0001:0001fd40       ?active_value@global_control@interface9@tbb@@CA_KH@Z 0000000180020d40 f   tbb_main.obj
 0001:0001fdf0       ?internal_grow_to_at_least@concurrent_vector_base@internal@tbb@@IEAAX_K0P6AXPEAX0@Z@Z 0000000180020df0 f   concurrent_vector_v2.obj
 0001:0001fe30       ?extend_segment_if_necessary@helper@concurrent_vector_base@internal@tbb@@SAXAEAV234@_K@Z 0000000180020e30 f i concurrent_vector_v2.obj
 0001:0001ff00       ?internal_capacity@concurrent_vector_base@internal@tbb@@IEBA_KXZ 0000000180020f00 f   concurrent_vector_v2.obj
 0001:0001ff50       ?internal_reserve@concurrent_vector_base@internal@tbb@@IEAAX_K00@Z 0000000180020f50 f   concurrent_vector_v2.obj
 0001:000200b0       ?internal_copy@concurrent_vector_base@internal@tbb@@IEAAXAEBV123@_KP6AXPEAXPEBX1@Z@Z 00000001800210b0 f   concurrent_vector_v2.obj
 0001:000201e0       ?internal_assign@concurrent_vector_base@internal@tbb@@IEAAXAEBV123@_KP6AXPEAX1@ZP6AX2PEBX1@Z5@Z 00000001800211e0 f   concurrent_vector_v2.obj
 0001:000203d0       ?internal_push_back@concurrent_vector_base@internal@tbb@@IEAAPEAX_KAEA_K@Z 00000001800213d0 f   concurrent_vector_v2.obj
 0001:00020510       ?internal_grow_by@concurrent_vector_base@internal@tbb@@IEAA_K_K0P6AXPEAX0@Z@Z 0000000180021510 f   concurrent_vector_v2.obj
 0001:00020540       ?internal_grow@concurrent_vector_base@internal@tbb@@IEAAX_K00P6AXPEAX0@Z@Z 0000000180021540 f   concurrent_vector_v2.obj
 0001:000206f0       ?internal_clear@concurrent_vector_base@internal@tbb@@IEAAXP6AXPEAX_K@Z_N@Z 00000001800216f0 f   concurrent_vector_v2.obj
 0001:00020800       ??1push_finalizer@micro_queue@internal@tbb@@QEAA@XZ 0000000180021800 f i concurrent_queue_v2.obj
 0001:00020810       ??1pop_finalizer@micro_queue@internal@tbb@@QEAA@XZ 0000000180021810 f i concurrent_queue_v2.obj
 0001:000208e0       ?push@micro_queue@internal@tbb@@QEAAXPEBX_KAEAVconcurrent_queue_base@23@@Z 00000001800218e0 f   concurrent_queue_v2.obj
 0001:00020a40       ?pop@micro_queue@internal@tbb@@QEAA_NPEAX_KAEAVconcurrent_queue_base@23@@Z 0000000180021a40 f   concurrent_queue_v2.obj
 0001:00020bc0       ??0concurrent_queue_base@internal@tbb@@IEAA@_K@Z 0000000180021bc0 f   concurrent_queue_v2.obj
 0001:00020c90       ??_Econcurrent_queue_base@internal@tbb@@MEAAPEAXI@Z 0000000180021c90 f i * CIL library *:* CIL module *
 0001:00020c90       ??_Gconcurrent_queue_base@internal@tbb@@MEAAPEAXI@Z 0000000180021c90 f i concurrent_queue_v2.obj
 0001:00020d20       ??1concurrent_queue_base@internal@tbb@@MEAA@XZ 0000000180021d20 f   concurrent_queue_v2.obj
 0001:00020d90       ?internal_push@concurrent_queue_base@internal@tbb@@IEAAXPEBX@Z 0000000180021d90 f   concurrent_queue_v2.obj
 0001:00020e60       ?internal_pop@concurrent_queue_base@internal@tbb@@IEAAXPEAX@Z 0000000180021e60 f   concurrent_queue_v2.obj
 0001:00020ec0       ?internal_pop_if_present@concurrent_queue_base@internal@tbb@@IEAA_NPEAX@Z 0000000180021ec0 f   concurrent_queue_v2.obj
 0001:00020f80       ?internal_push_if_not_full@concurrent_queue_base@internal@tbb@@IEAA_NPEBX@Z 0000000180021f80 f   concurrent_queue_v2.obj
 0001:00021050       ?internal_size@concurrent_queue_base@internal@tbb@@IEBA_JXZ 0000000180022050 f   concurrent_queue_v2.obj
 0001:00021070       ??0concurrent_queue_iterator_base@internal@tbb@@IEAA@AEBVconcurrent_queue_base@12@@Z 0000000180022070 f   concurrent_queue_v2.obj
 0001:00021150       ?assign@concurrent_queue_iterator_base@internal@tbb@@IEAAXAEBV123@@Z 0000000180022150 f   concurrent_queue_v2.obj
 0001:000211f0       ?advance@concurrent_queue_iterator_base@internal@tbb@@IEAAXXZ 00000001800221f0 f   concurrent_queue_v2.obj
 0001:00021290       ??1concurrent_queue_iterator_base@internal@tbb@@IEAA@XZ 0000000180022290 f   concurrent_queue_v2.obj
 0001:000212c0       ?internal_itt_releasing@spin_rw_mutex@tbb@@CAXPEAV12@@Z 00000001800222c0 f   spin_rw_mutex_v2.obj
 0001:000212d0       ?internal_release_writer@spin_rw_mutex@tbb@@CAXPEAV12@@Z 00000001800222d0 f   spin_rw_mutex_v2.obj
 0001:00021310       ?internal_acquire_reader@spin_rw_mutex@tbb@@CAXPEAV12@@Z 0000000180022310 f   spin_rw_mutex_v2.obj
 0001:000213c0       ?internal_upgrade@spin_rw_mutex@tbb@@CA_NPEAV12@@Z 00000001800223c0 f   spin_rw_mutex_v2.obj
 0001:00021580       ?internal_downgrade@spin_rw_mutex@tbb@@CAXPEAV12@@Z 0000000180022580 f   spin_rw_mutex_v2.obj
 0001:000215c0       ?internal_try_acquire_reader@spin_rw_mutex@tbb@@CA_NPEAV12@@Z 00000001800225c0 f   spin_rw_mutex_v2.obj
 0001:00021640       ?destroy@task@tbb@@QEAAXAEAV12@@Z 0000000180022640 f   task_v2.obj
 0001:00021730       __TBB_machine_fetchadd1    0000000180022730     atomic_support.obj
 0001:00021738       __TBB_machine_fetchstore1  0000000180022738     atomic_support.obj
 0001:00021740       __TBB_machine_cmpswp1      0000000180022740     atomic_support.obj
 0001:00021748       __TBB_machine_fetchadd2    0000000180022748     atomic_support.obj
 0001:00021758       __TBB_machine_fetchstore2  0000000180022758     atomic_support.obj
 0001:00021760       __TBB_machine_cmpswp2      0000000180022760     atomic_support.obj
 0001:00021770       __TBB_machine_pause        0000000180022770     atomic_support.obj
 0001:00021780       __TBB_get_cpu_ctl_env      0000000180022780     intel64_misc.obj
 0001:00021788       __TBB_set_cpu_ctl_env      0000000180022788     intel64_misc.obj
 0001:00021790       __TBB_machine_try_lock_elided 0000000180022790     itsx.obj
 0001:000217a0       __TBB_machine_unlock_elided 00000001800227a0     itsx.obj
 0001:000217a8       __TBB_machine_begin_transaction 00000001800227a8     itsx.obj
 0001:000217b8       __TBB_machine_end_transaction 00000001800227b8     itsx.obj
 0001:000217c0       __TBB_machine_transaction_conflict_abort 00000001800227c0     itsx.obj
 0001:000217c8       __TBB_machine_is_in_transaction 00000001800227c8     itsx.obj
 0001:000217f0       __security_check_cookie    00000001800227f0 f   MSVCRT:_amdsecgs_.obj
 0001:00021814       ??_V@YAXPEAX@Z             0000000180022814 f   MSVCRT:delete_array.obj
 0001:00021814       ??3@YAXPEAX_K@Z            0000000180022814 f   MSVCRT:delete_scalar_size.obj
 0001:0002181c       ??_Etype_info@@UEAAPEAXI@Z 000000018002281c f i MSVCRT:std_type_info_static.obj
 0001:0002181c       ??_Gtype_info@@UEAAPEAXI@Z 000000018002281c f i MSVCRT:std_type_info_static.obj
 0001:00021848       __raise_securityfailure    0000000180022848 f   MSVCRT:gs_report.obj
 0001:0002187c       __report_gsfailure         000000018002287c f   MSVCRT:gs_report.obj
 0001:00021950       __report_rangecheckfailure 0000000180022950 f   MSVCRT:gs_report.obj
 0001:00021964       __report_securityfailure   0000000180022964 f   MSVCRT:gs_report.obj
 0001:00021ae4       ??2@YAPEAX_K@Z             0000000180022ae4 f   MSVCRT:new_scalar.obj
 0001:00021b20       ?__scrt_initialize_type_info@@YAXXZ 0000000180022b20 f   MSVCRT:tncleanup.obj
 0001:00021b30       ?__scrt_uninitialize_type_info@@YAXXZ 0000000180022b30 f   MSVCRT:tncleanup.obj
 0001:00021b3c       ??_V@YAXPEAX_K@Z           0000000180022b3c f   MSVCRT:delete_array_size.obj
 0001:00021b44       ??_M@YAXPEAX_K1P6AX0@Z@Z   0000000180022b44 f   MSVCRT:ehvecdtr.obj
 0001:00021bb0       ?__ArrayUnwind@@YAXPEAX_K1P6AX0@Z@Z 0000000180022bb0 f   MSVCRT:ehvecdtr.obj
 0001:00021c14       ??_U@YAPEAX_K@Z            0000000180022c14 f   MSVCRT:new_array.obj
 0001:00021c1c       ??_L@YAXPEAX_K1P6AX0@Z2@Z  0000000180022c1c f   MSVCRT:ehvecctr.obj
 0001:00021c8c       __scrt_acquire_startup_lock 0000000180022c8c f   MSVCRT:utility.obj
 0001:00021cc8       __scrt_dllmain_after_initialize_c 0000000180022cc8 f   MSVCRT:utility.obj
 0001:00021cfc       __scrt_dllmain_before_initialize_c 0000000180022cfc f   MSVCRT:utility.obj
 0001:00021d14       __scrt_dllmain_crt_thread_attach 0000000180022d14 f   MSVCRT:utility.obj
 0001:00021d3c       __scrt_dllmain_crt_thread_detach 0000000180022d3c f   MSVCRT:utility.obj
 0001:00021d54       __scrt_dllmain_exception_filter 0000000180022d54 f   MSVCRT:utility.obj
 0001:00021db4       __scrt_dllmain_uninitialize_c 0000000180022db4 f   MSVCRT:utility.obj
 0001:00021de4       __scrt_dllmain_uninitialize_critical 0000000180022de4 f   MSVCRT:utility.obj
 0001:00021df8       __scrt_initialize_crt      0000000180022df8 f   MSVCRT:utility.obj
 0001:00021e44       __scrt_initialize_onexit_tables 0000000180022e44 f   MSVCRT:utility.obj
 0001:00021f1c       __scrt_is_nonwritable_in_current_image 0000000180022f1c f   MSVCRT:utility.obj
 0001:00021fb8       __scrt_release_startup_lock 0000000180022fb8 f   MSVCRT:utility.obj
 0001:00021fdc       __scrt_uninitialize_crt    0000000180022fdc f   MSVCRT:utility.obj
 0001:00022008       _onexit                    0000000180023008 f   MSVCRT:utility.obj
 0001:00022058       atexit                     0000000180023058 f   MSVCRT:utility.obj
 0001:00022070       ??3@YAXPEAX@Z              0000000180023070 f   MSVCRT:delete_scalar.obj
 0001:000223a8       _DllMainCRTStartup         00000001800233a8 f   MSVCRT:dll_dllmain.obj
 0001:000223e8       ??0bad_array_new_length@std@@QEAA@AEBV01@@Z 00000001800233e8 f i MSVCRT:throw_bad_alloc.obj
 0001:00022428       ??0bad_array_new_length@std@@QEAA@XZ 0000000180023428 f i MSVCRT:throw_bad_alloc.obj
 0001:00022448       ??1bad_array_new_length@std@@UEAA@XZ 0000000180023448 f i MSVCRT:throw_bad_alloc.obj
 0001:0002245c       ??_Ebad_array_new_length@std@@UEAAPEAXI@Z 000000018002345c f i MSVCRT:throw_bad_alloc.obj
 0001:0002245c       ??_Gbad_array_new_length@std@@UEAAPEAXI@Z 000000018002345c f i MSVCRT:throw_bad_alloc.obj
 0001:000224a0       ?__scrt_throw_std_bad_alloc@@YAXXZ 00000001800234a0 f   MSVCRT:throw_bad_alloc.obj
 0001:000224c0       ?__scrt_throw_std_bad_array_new_length@@YAXXZ 00000001800234c0 f   MSVCRT:throw_bad_alloc.obj
 0001:000224e0       __isa_available_init       00000001800234e0 f   MSVCRT:_cpu_disp_.obj
 0001:0002269c       __scrt_is_ucrt_dll_in_use  000000018002369c f   MSVCRT:ucrt_detection.obj
 0001:000226a8       __crt_debugger_hook        00000001800236a8 f   MSVCRT:utility_desktop.obj
 0001:000226b0       __scrt_fastfail            00000001800236b0 f   MSVCRT:utility_desktop.obj
 0001:000227fc       __security_init_cookie     00000001800237fc f   MSVCRT:gs_support.obj
 0001:000228a8       __local_stdio_scanf_options 00000001800238a8 f i MSVCRT:default_local_stdio_options.obj
 0001:000228b0       __scrt_initialize_default_local_stdio_options 00000001800238b0 f   MSVCRT:default_local_stdio_options.obj
 0001:000228cc       __scrt_get_dyn_tls_init_callback 00000001800238cc f   MSVCRT:dyn_tls_init.obj
 0001:000228d4       _RTC_Initialize            00000001800238d4 f   MSVCRT:_initsect_.obj
 0001:00022910       _RTC_Terminate             0000000180023910 f   MSVCRT:_initsect_.obj
 0001:00022950       __CxxFrameHandler3         0000000180023950 f   vcruntime:VCRUNTIME140.dll
 0001:00022956       _purecall                  0000000180023956 f   vcruntime:VCRUNTIME140.dll
 0001:0002295c       __std_terminate            000000018002395c f   vcruntime:VCRUNTIME140.dll
 0001:00022962       __std_exception_destroy    0000000180023962 f   vcruntime:VCRUNTIME140.dll
 0001:00022968       __std_exception_copy       0000000180023968 f   vcruntime:VCRUNTIME140.dll
 0001:0002296e       __std_type_info_destroy_list 000000018002396e f   vcruntime:VCRUNTIME140.dll
 0001:00022974       __C_specific_handler       0000000180023974 f   vcruntime:VCRUNTIME140.dll
 0001:0002297a       _CxxThrowException         000000018002397a f   vcruntime:VCRUNTIME140.dll
 0001:00022980       memset                     0000000180023980 f   vcruntime:VCRUNTIME140.dll
 0001:00022986       malloc                     0000000180023986 f   ucrt:api-ms-win-crt-heap-l1-1-0.dll
 0001:0002298c       free                       000000018002398c f   ucrt:api-ms-win-crt-heap-l1-1-0.dll
 0001:00022992       _callnewh                  0000000180023992 f   ucrt:api-ms-win-crt-heap-l1-1-0.dll
 0001:00022998       terminate                  0000000180023998 f   ucrt:api-ms-win-crt-runtime-l1-1-0.dll
 0001:0002299e       _seh_filter_dll            000000018002399e f   ucrt:api-ms-win-crt-runtime-l1-1-0.dll
 0001:000229a4       _configure_narrow_argv     00000001800239a4 f   ucrt:api-ms-win-crt-runtime-l1-1-0.dll
 0001:000229aa       _initialize_narrow_environment 00000001800239aa f   ucrt:api-ms-win-crt-runtime-l1-1-0.dll
 0001:000229b0       _initialize_onexit_table   00000001800239b0 f   ucrt:api-ms-win-crt-runtime-l1-1-0.dll
 0001:000229b6       _register_onexit_function  00000001800239b6 f   ucrt:api-ms-win-crt-runtime-l1-1-0.dll
 0001:000229bc       _execute_onexit_table      00000001800239bc f   ucrt:api-ms-win-crt-runtime-l1-1-0.dll
 0001:000229c2       _crt_atexit                00000001800239c2 f   ucrt:api-ms-win-crt-runtime-l1-1-0.dll
 0001:000229c8       _cexit                     00000001800239c8 f   ucrt:api-ms-win-crt-runtime-l1-1-0.dll
 0001:000229ce       _initterm                  00000001800239ce f   ucrt:api-ms-win-crt-runtime-l1-1-0.dll
 0001:000229d4       _initterm_e                00000001800239d4 f   ucrt:api-ms-win-crt-runtime-l1-1-0.dll
 0001:000229da       IsProcessorFeaturePresent  00000001800239da f   kernel32:KERNEL32.dll
 0001:000229e0       __GSHandlerCheck           00000001800239e0 f   MSVCRT:_gshandler_.obj
 0001:00022a00       __GSHandlerCheckCommon     0000000180023a00 f   MSVCRT:_gshandler_.obj
 0001:00022a5c       __GSHandlerCheck_EH        0000000180023a5c f   MSVCRT:gshandlereh.obj
 0001:00022af0       _alloca_probe              0000000180023af0 f   MSVCRT:_chkstk_.obj
 0001:00022af0       __chkstk                   0000000180023af0 f   MSVCRT:_chkstk_.obj
 0001:00022b41       __RTDynamicCast            0000000180023b41 f   vcruntime:VCRUNTIME140.dll
 0001:00022b47       memcpy                     0000000180023b47 f   vcruntime:VCRUNTIME140.dll
[...]
 0004:000021a8       $pdata$?catch$2@?0??local_wait_for_all@?$custom_scheduler@UIntelSchedulerTraits@internal@tbb@@@internal@tbb@@EEAAXAEAVtask@3@PEAV43@@Z@4HA 000000018003a1a8     scheduler.obj
 0004:000021b4       $pdata$?catch$3@?0??local_wait_for_all@?$custom_scheduler@UIntelSchedulerTraits@internal@tbb@@@internal@tbb@@EEAAXAEAVtask@3@PEAV43@@Z@4HA 000000018003a1b4     scheduler.obj
 0004:000021c0       $pdata$?receive_or_steal_task@?$custom_scheduler@UDefaultSchedulerTraits@internal@tbb@@@internal@tbb@@UEAAPEAVtask@3@AEA_J_J@Z 000000018003a1c0     scheduler.obj
 0004:000021cc       $pdata$?local_wait_for_all@?$custom_scheduler@UDefaultSchedulerTraits@internal@tbb@@@internal@tbb@@EEAAXAEAVtask@3@PEAV43@@Z 000000018003a1cc     scheduler.obj
 0004:000021d8       $pdata$?catch$1@?0??local_wait_for_all@?$custom_scheduler@UDefaultSchedulerTraits@internal@tbb@@@internal@tbb@@EEAAXAEAVtask@3@PEAV43@@Z@4HA 000000018003a1d8     scheduler.obj
 0004:000021e4       $pdata$?catch$2@?0??local_wait_for_all@?$custom_scheduler@UDefaultSchedulerTraits@internal@tbb@@@internal@tbb@@EEAAXAEAVtask@3@PEAV43@@Z@4HA 000000018003a1e4     scheduler.obj
 0004:000021f0       $pdata$?catch$3@?0??local_wait_for_all@?$custom_scheduler@UDefaultSchedulerTraits@internal@tbb@@@internal@tbb@@EEAAXAEAVtask@3@PEAV43@@Z@4HA 000000018003a1f0     scheduler.obj
 0004:000021fc       $pdata$??_G?$custom_scheduler@UIntelSchedulerTraits@internal@tbb@@@internal@tbb@@UEAAPEAXI@Z 000000018003a1fc     scheduler.obj
 0004:000021fc       $pdata$??_G?$custom_scheduler@UDefaultSchedulerTraits@internal@tbb@@@internal@tbb@@UEAAPEAXI@Z 000000018003a1fc     scheduler.obj
 0004:000021fc       $pdata$??_Ggeneric_scheduler@internal@tbb@@UEAAPEAXI@Z 000000018003a1fc     scheduler.obj
 0004:00002208       $pdata$?wait_for_all@?$custom_scheduler@UDefaultSchedulerTraits@internal@tbb@@@internal@tbb@@EEAAXAEAVtask@3@PEAV43@@Z 000000018003a208     scheduler.obj
 0004:00002214       $pdata$?allocate_scheduler@?$custom_scheduler@UDefaultSchedulerTraits@internal@tbb@@@internal@tbb@@SAPEAVgeneric_scheduler@23@AEAVmarket@23@@Z 000000018003a214     scheduler.obj
 0004:00002220       $pdata$?wait_for_all@?$custom_scheduler@UIntelSchedulerTraits@internal@tbb@@@internal@tbb@@EEAAXAEAVtask@3@PEAV43@@Z 000000018003a220     scheduler.obj
 0004:0000222c       $pdata$?allocate_scheduler@?$custom_scheduler@UIntelSchedulerTraits@internal@tbb@@@internal@tbb@@SAPEAVgeneric_scheduler@23@AEAVmarket@23@@Z 000000018003a22c     scheduler.obj
 0004:00002238       $pdata$??1?$fast_reverse_vector@PEAVtask@tbb@@$0BA@@internal@tbb@@QEAA@XZ 000000018003a238     scheduler.obj
 0004:00002244       $pdata$?copy_memory@?$fast_reverse_vector@PEAVtask@tbb@@$0BA@@internal@tbb@@QEBAXPEAPEAVtask@3@@Z 000000018003a244     scheduler.obj
 0004:00002250       $pdata$0$?copy_memory@?$fast_reverse_vector@PEAVtask@tbb@@$0BA@@internal@tbb@@QEBAXPEAPEAVtask@3@@Z 000000018003a250     scheduler.obj
 0004:0000225c       $pdata$1$?copy_memory@?$fast_reverse_vector@PEAVtask@tbb@@$0BA@@internal@tbb@@QEBAXPEAPEAVtask@3@@Z 000000018003a25c     scheduler.obj
 0004:00002268       $pdata$?leave_task_pool@generic_scheduler@internal@tbb@@QEAAXXZ 000000018003a268     scheduler.obj
 0004:00002274       $pdata$?get_mailbox_task@generic_scheduler@internal@tbb@@QEAAPEAVtask@3@_J@Z 000000018003a274     scheduler.obj
 0004:00002280       $pdata$?steal_task@generic_scheduler@internal@tbb@@QEAAPEAVtask@3@AEAUarena_slot@23@_J@Z 000000018003a280     scheduler.obj
 0004:0000228c       $pdata$1$?steal_task@generic_scheduler@internal@tbb@@QEAAPEAVtask@3@AEAUarena_slot@23@_J@Z 000000018003a28c     scheduler.obj
 0004:00002298       $pdata$2$?steal_task@generic_scheduler@internal@tbb@@QEAAPEAVtask@3@AEAUarena_slot@23@_J@Z 000000018003a298     scheduler.obj
 0004:000022a4       $pdata$3$?steal_task@generic_scheduler@internal@tbb@@QEAAPEAVtask@3@AEAUarena_slot@23@_J@Z 000000018003a2a4     scheduler.obj
 0004:000022b0       $pdata$?get_task@generic_scheduler@internal@tbb@@QEAAPEAVtask@3@_J@Z 000000018003a2b0     scheduler.obj
 0004:000022bc       $pdata$?get_task@generic_scheduler@internal@tbb@@QEAAPEAVtask@3@_K_JAEA_N@Z 000000018003a2bc     scheduler.obj
 0004:000022c8       $pdata$?reload_tasks@generic_scheduler@internal@tbb@@QEAAPEAVtask@3@_J@Z 000000018003a2c8     scheduler.obj
 0004:000022d4       $pdata$2$?reload_tasks@generic_scheduler@internal@tbb@@QEAAPEAVtask@3@_J@Z 000000018003a2d4     scheduler.obj
 0004:000022e0       $pdata$3$?reload_tasks@generic_scheduler@internal@tbb@@QEAAPEAVtask@3@_J@Z 000000018003a2e0     scheduler.obj
 0004:000022ec       $pdata$?reload_tasks@generic_scheduler@internal@tbb@@QEAAPEAVtask@3@AEAPEAV43@AEAPEAPEAV43@_J2@Z 000000018003a2ec     scheduler.obj
 0004:000022f8       $pdata$?winnow_task_pool@generic_scheduler@internal@tbb@@QEAAPEAVtask@3@_J@Z 000000018003a2f8     scheduler.obj
 0004:00002304       $pdata$?get_task_and_activate_task_pool@generic_scheduler@internal@tbb@@QEAAPEAVtask@3@_K0_J@Z 000000018003a304     scheduler.obj
 0004:00002310       $pdata$?enqueue@generic_scheduler@internal@tbb@@UEAAXAEAVtask@3@PEAX@Z 000000018003a310     scheduler.obj
 0004:0000231c       $pdata$?spawn_root_and_wait@generic_scheduler@internal@tbb@@UEAAXAEAVtask@3@AEAPEAV43@@Z 000000018003a31c     scheduler.obj
 0004:00002328       $pdata$?spawn@generic_scheduler@internal@tbb@@UEAAXAEAVtask@3@AEAPEAV43@@Z 000000018003a328     scheduler.obj
 0004:00002334       $pdata$?prepare_for_spawning@generic_scheduler@internal@tbb@@QEAAPEAVtask@3@PEAV43@@Z 000000018003a334     scheduler.obj
 0004:00002340       $pdata$1$?prepare_for_spawning@generic_scheduler@internal@tbb@@QEAAPEAVtask@3@PEAV43@@Z 000000018003a340     scheduler.obj
 0004:0000234c       $pdata$2$?prepare_for_spawning@generic_scheduler@internal@tbb@@QEAAPEAVtask@3@PEAV43@@Z 000000018003a34c     scheduler.obj
 0004:00002358       $pdata$?release_task_pool@generic_scheduler@internal@tbb@@QEBAXXZ 000000018003a358     scheduler.obj
 0004:00002364       $pdata$?acquire_task_pool@generic_scheduler@internal@tbb@@QEBAXXZ 000000018003a364     scheduler.obj
 0004:00002370       $pdata$2$?acquire_task_pool@generic_scheduler@internal@tbb@@QEBAXXZ 000000018003a370     scheduler.obj
 0004:0000237c       $pdata$3$?acquire_task_pool@generic_scheduler@internal@tbb@@QEBAXXZ 000000018003a37c     scheduler.obj
 0004:00002388       $pdata$?prepare_task_pool@generic_scheduler@internal@tbb@@QEAA_K_K@Z 000000018003a388     scheduler.obj
 0004:00002394       $pdata$3$?prepare_task_pool@generic_scheduler@internal@tbb@@QEAA_K_K@Z 000000018003a394     scheduler.obj
 0004:000023a0       $pdata$4$?prepare_task_pool@generic_scheduler@internal@tbb@@QEAA_K_K@Z 000000018003a3a0     scheduler.obj
 0004:000023ac       $pdata$5$?prepare_task_pool@generic_scheduler@internal@tbb@@QEAA_K_K@Z 000000018003a3ac     scheduler.obj
 0004:000023b8       $pdata$6$?prepare_task_pool@generic_scheduler@internal@tbb@@QEAA_K_K@Z 000000018003a3b8     scheduler.obj
 0004:000023c4       $pdata$7$?prepare_task_pool@generic_scheduler@internal@tbb@@QEAA_K_K@Z 000000018003a3c4     scheduler.obj
 0004:000023d0       $pdata$?free_scheduler@generic_scheduler@internal@tbb@@QEAAXXZ 000000018003a3d0     scheduler.obj
 0004:000023dc       $pdata$0$?free_scheduler@generic_scheduler@internal@tbb@@QEAAXXZ 000000018003a3dc     scheduler.obj
 0004:000023e8       $pdata$3$?free_scheduler@generic_scheduler@internal@tbb@@QEAAXXZ 000000018003a3e8     scheduler.obj
 0004:000023f4       $pdata$4$?free_scheduler@generic_scheduler@internal@tbb@@QEAAXXZ 000000018003a3f4     scheduler.obj
 0004:00002400       $pdata$5$?free_scheduler@generic_scheduler@internal@tbb@@QEAAXXZ 000000018003a400     scheduler.obj
 0004:0000240c       $pdata$6$?free_scheduler@generic_scheduler@internal@tbb@@QEAAXXZ 000000018003a40c     scheduler.obj
 0004:00002418       $pdata$??0generic_scheduler@internal@tbb@@IEAA@AEAVmarket@12@@Z 000000018003a418     scheduler.obj
 0004:00002424       $pdata$?allocate_task_pool@arena_slot@internal@tbb@@QEAAX_K@Z 000000018003a424     scheduler.obj
 0004:00002430       $pdata$?cleanup_master@generic_scheduler@internal@tbb@@QEAA_N_N@Z 000000018003a430     scheduler.obj
 0004:0000243c       $pdata$?create_master@generic_scheduler@internal@tbb@@SAPEAV123@PEAVarena@23@@Z 000000018003a43c     scheduler.obj
 0004:00002448       $pdata$?free_nonlocal_small_task@generic_scheduler@internal@tbb@@QEAAXAEAVtask@3@@Z 000000018003a448     scheduler.obj
 0004:00002454       $pdata$?allocate_task@generic_scheduler@internal@tbb@@QEAAAEAVtask@3@_KPEAV43@PEAVtask_group_context@3@@Z 000000018003a454     scheduler.obj
 0004:00002460       $pdata$?local_spawn@generic_scheduler@internal@tbb@@QEAAXPEAVtask@3@AEAPEAV43@@Z 000000018003a460     scheduler.obj
 0004:0000246c       $pdata$?observe@task_scheduler_observer_v3@internal@tbb@@QEAAX_N@Z 000000018003a46c     observer_proxy.obj
 0004:00002478       $pdata$0$?observe@task_scheduler_observer_v3@internal@tbb@@QEAAX_N@Z 000000018003a478     observer_proxy.obj
 0004:00002484       $pdata$1$?observe@task_scheduler_observer_v3@internal@tbb@@QEAAX_N@Z 000000018003a484     observer_proxy.obj
 0004:00002490       $pdata$?remove_ref@observer_list@internal@tbb@@QEAAXPEAVobserver_proxy@23@@Z 000000018003a490     observer_proxy.obj
 0004:0000249c       $pdata$?insert@observer_list@internal@tbb@@QEAAXPEAVobserver_proxy@23@@Z 000000018003a49c     observer_proxy.obj
 0004:000024a8       $pdata$?do_notify_exit_observers@observer_list@internal@tbb@@AEAAXPEAVobserver_proxy@23@_N@Z 000000018003a4a8     observer_proxy.obj
 0004:000024b4       $pdata$?internal_destroy@global_control@interface9@tbb@@AEAAXXZ 000000018003a4b4     tbb_main.obj
 0004:000024c0       $pdata$?internal_create@global_control@interface9@tbb@@AEAAXXZ 000000018003a4c0     tbb_main.obj
 0004:000024cc       $pdata$?active_value@allowed_parallelism_control@internal@tbb@@EEBA_KXZ 000000018003a4cc     tbb_main.obj
 0004:000024d8       $pdata$1$?active_value@allowed_parallelism_control@internal@tbb@@EEBA_KXZ 000000018003a4d8     tbb_main.obj
 0004:000024e4       $pdata$2$?active_value@allowed_parallelism_control@internal@tbb@@EEBA_KXZ 000000018003a4e4     tbb_main.obj
 0004:000024f0       $pdata$?default_value@allowed_parallelism_control@internal@tbb@@EEBA_KXZ 000000018003a4f0     tbb_main.obj
 0004:000024fc       $pdata$?itt_load_pointer_with_acquire_v3@internal@tbb@@YAPEAXPEBX@Z 000000018003a4fc     tbb_main.obj
 0004:00002508       $pdata$?itt_store_pointer_with_release_v3@internal@tbb@@YAXPEAX0@Z 000000018003a508     tbb_main.obj
 0004:00002514       $pdata$DllMain             000000018003a514     tbb_main.obj
 0004:00002520       $pdata$?remove_ref@__TBB_InitOnce@internal@tbb@@SAXXZ 000000018003a520     tbb_main.obj
 0004:0000252c       $pdata$1$?remove_ref@__TBB_InitOnce@internal@tbb@@SAXXZ 000000018003a52c     tbb_main.obj
 0004:00002538       $pdata$2$?remove_ref@__TBB_InitOnce@internal@tbb@@SAXXZ 000000018003a538     tbb_main.obj
 0004:00002544       $pdata$3$?remove_ref@__TBB_InitOnce@internal@tbb@@SAXXZ 000000018003a544     tbb_main.obj
 0004:00002550       $pdata$4$?remove_ref@__TBB_InitOnce@internal@tbb@@SAXXZ 000000018003a550     tbb_main.obj
 0004:0000255c       $pdata$?add_ref@__TBB_InitOnce@internal@tbb@@SAXXZ 000000018003a55c     tbb_main.obj
 0004:00002568       $pdata$0$?add_ref@__TBB_InitOnce@internal@tbb@@SAXXZ 000000018003a568     tbb_main.obj
 0004:00002574       $pdata$1$?add_ref@__TBB_InitOnce@internal@tbb@@SAXXZ 000000018003a574     tbb_main.obj
 0004:00002580       $pdata$?DoOneTimeInitializations@internal@tbb@@YAXXZ 000000018003a580     tbb_main.obj
 0004:0000258c       $pdata$0$?DoOneTimeInitializations@internal@tbb@@YAXXZ 000000018003a58c     tbb_main.obj
 0004:00002598       $pdata$1$?DoOneTimeInitializations@internal@tbb@@YAXXZ 000000018003a598     tbb_main.obj
 0004:000025a4       $pdata$?active_value@global_control@interface9@tbb@@CA_KH@Z 000000018003a5a4     tbb_main.obj
 0004:000025b0       $pdata$?internal_clear@concurrent_vector_base@internal@tbb@@IEAAXP6AXPEAX_K@Z_N@Z 000000018003a5b0     concurrent_vector_v2.obj
 0004:000025bc       $pdata$0$?internal_clear@concurrent_vector_base@internal@tbb@@IEAAXP6AXPEAX_K@Z_N@Z 000000018003a5bc     concurrent_vector_v2.obj
 0004:000025c8       $pdata$1$?internal_clear@concurrent_vector_base@internal@tbb@@IEAAXP6AXPEAX_K@Z_N@Z 000000018003a5c8     concurrent_vector_v2.obj
 0004:000025d4       $pdata$2$?internal_clear@concurrent_vector_base@internal@tbb@@IEAAXP6AXPEAX_K@Z_N@Z 000000018003a5d4     concurrent_vector_v2.obj
 0004:000025e0       $pdata$3$?internal_clear@concurrent_vector_base@internal@tbb@@IEAAXP6AXPEAX_K@Z_N@Z 000000018003a5e0     concurrent_vector_v2.obj
 0004:000025ec       $pdata$?internal_grow@concurrent_vector_base@internal@tbb@@IEAAX_K00P6AXPEAX0@Z@Z 000000018003a5ec     concurrent_vector_v2.obj
 0004:000025f8       $pdata$?internal_grow_by@concurrent_vector_base@internal@tbb@@IEAA_K_K0P6AXPEAX0@Z@Z 000000018003a5f8     concurrent_vector_v2.obj
 0004:00002604       $pdata$?internal_push_back@concurrent_vector_base@internal@tbb@@IEAAPEAX_KAEA_K@Z 000000018003a604     concurrent_vector_v2.obj
 0004:00002610       $pdata$?internal_assign@concurrent_vector_base@internal@tbb@@IEAAXAEBV123@_KP6AXPEAX1@ZP6AX2PEBX1@Z5@Z 000000018003a610     concurrent_vector_v2.obj
 0004:0000261c       $pdata$1$?internal_assign@concurrent_vector_base@internal@tbb@@IEAAXAEBV123@_KP6AXPEAX1@ZP6AX2PEBX1@Z5@Z 000000018003a61c     concurrent_vector_v2.obj
 0004:00002628       $pdata$2$?internal_assign@concurrent_vector_base@internal@tbb@@IEAAXAEBV123@_KP6AXPEAX1@ZP6AX2PEBX1@Z5@Z 000000018003a628     concurrent_vector_v2.obj
 0004:00002634       $pdata$?internal_copy@concurrent_vector_base@internal@tbb@@IEAAXAEBV123@_KP6AXPEAXPEBX1@Z@Z 000000018003a634     concurrent_vector_v2.obj
 0004:00002640       $pdata$1$?internal_copy@concurrent_vector_base@internal@tbb@@IEAAXAEBV123@_KP6AXPEAXPEBX1@Z@Z 000000018003a640     concurrent_vector_v2.obj
 0004:0000264c       $pdata$4$?internal_copy@concurrent_vector_base@internal@tbb@@IEAAXAEBV123@_KP6AXPEAXPEBX1@Z@Z 000000018003a64c     concurrent_vector_v2.obj
 0004:00002658       $pdata$5$?internal_copy@concurrent_vector_base@internal@tbb@@IEAAXAEBV123@_KP6AXPEAXPEBX1@Z@Z 000000018003a658     concurrent_vector_v2.obj
 0004:00002664       $pdata$6$?internal_copy@concurrent_vector_base@internal@tbb@@IEAAXAEBV123@_KP6AXPEAXPEBX1@Z@Z 000000018003a664     concurrent_vector_v2.obj
 0004:00002670       $pdata$?internal_reserve@concurrent_vector_base@internal@tbb@@IEAAX_K00@Z 000000018003a670     concurrent_vector_v2.obj
 0004:0000267c       $pdata$2$?internal_reserve@concurrent_vector_base@internal@tbb@@IEAAX_K00@Z 000000018003a67c     concurrent_vector_v2.obj
 0004:00002688       $pdata$4$?internal_reserve@concurrent_vector_base@internal@tbb@@IEAAX_K00@Z 000000018003a688     concurrent_vector_v2.obj
 0004:00002694       $pdata$5$?internal_reserve@concurrent_vector_base@internal@tbb@@IEAAX_K00@Z 000000018003a694     concurrent_vector_v2.obj
 0004:000026a0       $pdata$6$?internal_reserve@concurrent_vector_base@internal@tbb@@IEAAX_K00@Z 000000018003a6a0     concurrent_vector_v2.obj
 0004:000026ac       $pdata$?extend_segment_if_necessary@helper@concurrent_vector_base@internal@tbb@@SAXAEAV234@_K@Z 000000018003a6ac     concurrent_vector_v2.obj
 0004:000026b8       $pdata$0$?extend_segment_if_necessary@helper@concurrent_vector_base@internal@tbb@@SAXAEAV234@_K@Z 000000018003a6b8     concurrent_vector_v2.obj
 0004:000026c4       $pdata$2$?extend_segment_if_necessary@helper@concurrent_vector_base@internal@tbb@@SAXAEAV234@_K@Z 000000018003a6c4     concurrent_vector_v2.obj
 0004:000026d0       $pdata$3$?extend_segment_if_necessary@helper@concurrent_vector_base@internal@tbb@@SAXAEAV234@_K@Z 000000018003a6d0     concurrent_vector_v2.obj
 0004:000026dc       $pdata$4$?extend_segment_if_necessary@helper@concurrent_vector_base@internal@tbb@@SAXAEAV234@_K@Z 000000018003a6dc     concurrent_vector_v2.obj
 0004:000026e8       $pdata$5$?extend_segment_if_necessary@helper@concurrent_vector_base@internal@tbb@@SAXAEAV234@_K@Z 000000018003a6e8     concurrent_vector_v2.obj
 0004:000026f4       $pdata$?internal_grow_to_at_least@concurrent_vector_base@internal@tbb@@IEAAX_K0P6AXPEAX0@Z@Z 000000018003a6f4     concurrent_vector_v2.obj
 0004:00002700       $pdata$??1concurrent_queue_iterator_base@internal@tbb@@IEAA@XZ 000000018003a700     concurrent_queue_v2.obj
 0004:0000270c       $pdata$?assign@concurrent_queue_iterator_base@internal@tbb@@IEAAXAEBV123@@Z 000000018003a70c     concurrent_queue_v2.obj
 0004:00002718       $pdata$??0concurrent_queue_iterator_base@internal@tbb@@IEAA@AEBVconcurrent_queue_base@12@@Z 000000018003a718     concurrent_queue_v2.obj
 0004:00002724       $pdata$?internal_push_if_not_full@concurrent_queue_base@internal@tbb@@IEAA_NPEBX@Z 000000018003a724     concurrent_queue_v2.obj
 0004:00002730       $pdata$?internal_pop_if_present@concurrent_queue_base@internal@tbb@@IEAA_NPEAX@Z 000000018003a730     concurrent_queue_v2.obj
 0004:0000273c       $pdata$?internal_pop@concurrent_queue_base@internal@tbb@@IEAAXPEAX@Z 000000018003a73c     concurrent_queue_v2.obj
 0004:00002748       $pdata$?internal_push@concurrent_queue_base@internal@tbb@@IEAAXPEBX@Z 000000018003a748     concurrent_queue_v2.obj
 0004:00002754       $pdata$??1concurrent_queue_base@internal@tbb@@MEAA@XZ 000000018003a754     concurrent_queue_v2.obj
 0004:00002760       $pdata$??_Gconcurrent_queue_base@internal@tbb@@MEAAPEAXI@Z 000000018003a760     concurrent_queue_v2.obj
 0004:0000276c       $pdata$??0concurrent_queue_base@internal@tbb@@IEAA@_K@Z 000000018003a76c     concurrent_queue_v2.obj
 0004:00002778       $pdata$?pop@micro_queue@internal@tbb@@QEAA_NPEAX_KAEAVconcurrent_queue_base@23@@Z 000000018003a778     concurrent_queue_v2.obj
 0004:00002784       $pdata$?push@micro_queue@internal@tbb@@QEAAXPEBX_KAEAVconcurrent_queue_base@23@@Z 000000018003a784     concurrent_queue_v2.obj
 0004:00002790       $pdata$??1pop_finalizer@micro_queue@internal@tbb@@QEAA@XZ 000000018003a790     concurrent_queue_v2.obj
 0004:0000279c       $pdata$0$??1pop_finalizer@micro_queue@internal@tbb@@QEAA@XZ 000000018003a79c     concurrent_queue_v2.obj
 0004:000027a8       $pdata$3$??1pop_finalizer@micro_queue@internal@tbb@@QEAA@XZ 000000018003a7a8     concurrent_queue_v2.obj
 0004:000027b4       $pdata$4$??1pop_finalizer@micro_queue@internal@tbb@@QEAA@XZ 000000018003a7b4     concurrent_queue_v2.obj
 0004:000027c0       $pdata$5$??1pop_finalizer@micro_queue@internal@tbb@@QEAA@XZ 000000018003a7c0     concurrent_queue_v2.obj
 0004:000027cc       $pdata$6$??1pop_finalizer@micro_queue@internal@tbb@@QEAA@XZ 000000018003a7cc     concurrent_queue_v2.obj
 0004:000027d8       $pdata$?internal_try_acquire_reader@spin_rw_mutex@tbb@@CA_NPEAV12@@Z 000000018003a7d8     spin_rw_mutex_v2.obj
 0004:000027e4       $pdata$?internal_downgrade@spin_rw_mutex@tbb@@CAXPEAV12@@Z 000000018003a7e4     spin_rw_mutex_v2.obj
 0004:000027f0       $pdata$?internal_upgrade@spin_rw_mutex@tbb@@CA_NPEAV12@@Z 000000018003a7f0     spin_rw_mutex_v2.obj
 0004:000027fc       $pdata$?internal_acquire_reader@spin_rw_mutex@tbb@@CAXPEAV12@@Z 000000018003a7fc     spin_rw_mutex_v2.obj
 0004:00002808       $pdata$?internal_release_writer@spin_rw_mutex@tbb@@CAXPEAV12@@Z 000000018003a808     spin_rw_mutex_v2.obj
 0004:00002814       $pdata$?destroy@task@tbb@@QEAAXAEAV12@@Z 000000018003a814     task_v2.obj
 0004:00002820       $pdata$__GSHandlerCheckCommon 000000018003a820     MSVCRT:_gshandler_.obj
 0004:0000282c       $pdata$__GSHandlerCheck    000000018003a82c     MSVCRT:_gshandler_.obj
 0004:00002838       $pdata$__GSHandlerCheck_EH 000000018003a838     MSVCRT:gshandlereh.obj
 0005:000000a0       $R000000                   000000018003b0a0     tbb_resource.res
 0005:00000480       $R0003E0                   000000018003b480     tbb_resource.res
